Archive member included because of file (symbol)

c:/develop/altera/11.1/nios2eds/bin/gnu/h-i686-mingw32/bin/../lib/gcc/nios2-elf/4.1.2/../../../../nios2-elf/lib\libm.a(lib_a-s_atan.o)
                              obj/default/lua/lmathlib.o (atan)
c:/develop/altera/11.1/nios2eds/bin/gnu/h-i686-mingw32/bin/../lib/gcc/nios2-elf/4.1.2/../../../../nios2-elf/lib\libm.a(lib_a-s_ceil.o)
                              obj/default/lua/lmathlib.o (ceil)
c:/develop/altera/11.1/nios2eds/bin/gnu/h-i686-mingw32/bin/../lib/gcc/nios2-elf/4.1.2/../../../../nios2-elf/lib\libm.a(lib_a-s_cos.o)
                              obj/default/lua/lmathlib.o (cos)
c:/develop/altera/11.1/nios2eds/bin/gnu/h-i686-mingw32/bin/../lib/gcc/nios2-elf/4.1.2/../../../../nios2-elf/lib\libm.a(lib_a-s_fabs.o)
                              c:/develop/altera/11.1/nios2eds/bin/gnu/h-i686-mingw32/bin/../lib/gcc/nios2-elf/4.1.2/../../../../nios2-elf/lib\libm.a(lib_a-s_atan.o) (fabs)
c:/develop/altera/11.1/nios2eds/bin/gnu/h-i686-mingw32/bin/../lib/gcc/nios2-elf/4.1.2/../../../../nios2-elf/lib\libm.a(lib_a-s_floor.o)
                              obj/default/lua/lmathlib.o (floor)
c:/develop/altera/11.1/nios2eds/bin/gnu/h-i686-mingw32/bin/../lib/gcc/nios2-elf/4.1.2/../../../../nios2-elf/lib\libm.a(lib_a-s_frexp.o)
                              obj/default/lua/lmathlib.o (frexp)
c:/develop/altera/11.1/nios2eds/bin/gnu/h-i686-mingw32/bin/../lib/gcc/nios2-elf/4.1.2/../../../../nios2-elf/lib\libm.a(lib_a-s_ldexp.o)
                              obj/default/lua/lmathlib.o (ldexp)
c:/develop/altera/11.1/nios2eds/bin/gnu/h-i686-mingw32/bin/../lib/gcc/nios2-elf/4.1.2/../../../../nios2-elf/lib\libm.a(lib_a-s_modf.o)
                              obj/default/lua/lmathlib.o (modf)
c:/develop/altera/11.1/nios2eds/bin/gnu/h-i686-mingw32/bin/../lib/gcc/nios2-elf/4.1.2/../../../../nios2-elf/lib\libm.a(lib_a-s_scalbn.o)
                              c:/develop/altera/11.1/nios2eds/bin/gnu/h-i686-mingw32/bin/../lib/gcc/nios2-elf/4.1.2/../../../../nios2-elf/lib\libm.a(lib_a-s_ldexp.o) (scalbn)
c:/develop/altera/11.1/nios2eds/bin/gnu/h-i686-mingw32/bin/../lib/gcc/nios2-elf/4.1.2/../../../../nios2-elf/lib\libm.a(lib_a-s_sin.o)
                              obj/default/lua/lmathlib.o (sin)
c:/develop/altera/11.1/nios2eds/bin/gnu/h-i686-mingw32/bin/../lib/gcc/nios2-elf/4.1.2/../../../../nios2-elf/lib\libm.a(lib_a-s_tan.o)
                              obj/default/lua/lmathlib.o (tan)
c:/develop/altera/11.1/nios2eds/bin/gnu/h-i686-mingw32/bin/../lib/gcc/nios2-elf/4.1.2/../../../../nios2-elf/lib\libm.a(lib_a-s_tanh.o)
                              obj/default/lua/lmathlib.o (tanh)
c:/develop/altera/11.1/nios2eds/bin/gnu/h-i686-mingw32/bin/../lib/gcc/nios2-elf/4.1.2/../../../../nios2-elf/lib\libm.a(lib_a-w_acos.o)
                              obj/default/lua/lmathlib.o (acos)
c:/develop/altera/11.1/nios2eds/bin/gnu/h-i686-mingw32/bin/../lib/gcc/nios2-elf/4.1.2/../../../../nios2-elf/lib\libm.a(lib_a-w_asin.o)
                              obj/default/lua/lmathlib.o (asin)
c:/develop/altera/11.1/nios2eds/bin/gnu/h-i686-mingw32/bin/../lib/gcc/nios2-elf/4.1.2/../../../../nios2-elf/lib\libm.a(lib_a-w_atan2.o)
                              obj/default/lua/lmathlib.o (atan2)
c:/develop/altera/11.1/nios2eds/bin/gnu/h-i686-mingw32/bin/../lib/gcc/nios2-elf/4.1.2/../../../../nios2-elf/lib\libm.a(lib_a-w_cosh.o)
                              obj/default/lua/lmathlib.o (cosh)
c:/develop/altera/11.1/nios2eds/bin/gnu/h-i686-mingw32/bin/../lib/gcc/nios2-elf/4.1.2/../../../../nios2-elf/lib\libm.a(lib_a-w_exp.o)
                              obj/default/lua/lmathlib.o (exp)
c:/develop/altera/11.1/nios2eds/bin/gnu/h-i686-mingw32/bin/../lib/gcc/nios2-elf/4.1.2/../../../../nios2-elf/lib\libm.a(lib_a-w_fmod.o)
                              obj/default/lua/lmathlib.o (fmod)
c:/develop/altera/11.1/nios2eds/bin/gnu/h-i686-mingw32/bin/../lib/gcc/nios2-elf/4.1.2/../../../../nios2-elf/lib\libm.a(lib_a-w_log.o)
                              obj/default/lua/lmathlib.o (log)
c:/develop/altera/11.1/nios2eds/bin/gnu/h-i686-mingw32/bin/../lib/gcc/nios2-elf/4.1.2/../../../../nios2-elf/lib\libm.a(lib_a-w_log10.o)
                              obj/default/lua/lmathlib.o (log10)
c:/develop/altera/11.1/nios2eds/bin/gnu/h-i686-mingw32/bin/../lib/gcc/nios2-elf/4.1.2/../../../../nios2-elf/lib\libm.a(lib_a-w_pow.o)
                              obj/default/lua/lmathlib.o (pow)
c:/develop/altera/11.1/nios2eds/bin/gnu/h-i686-mingw32/bin/../lib/gcc/nios2-elf/4.1.2/../../../../nios2-elf/lib\libm.a(lib_a-w_sinh.o)
                              obj/default/lua/lmathlib.o (sinh)
c:/develop/altera/11.1/nios2eds/bin/gnu/h-i686-mingw32/bin/../lib/gcc/nios2-elf/4.1.2/../../../../nios2-elf/lib\libm.a(lib_a-w_sqrt.o)
                              obj/default/lua/lmathlib.o (sqrt)
[...]
Memory Configuration

Name             Origin             Length             Attributes
sdram_BEFORE_EXCEPTION 0x00000000         0x00000020
sdram            0x00000020         0x007fffe0
ext_flash        0x04000000         0x00400000
reset            0x0f000000         0x00000020
epcs_controller  0x0f000020         0x000007e0
*default*        0x00000000         0xffffffff

Linker script and memory map

LOAD ../Cineraria_DE0_HAL_bsp//obj/HAL/src/crt0.o
LOAD obj/default/lua/lapi.o
LOAD obj/default/lua/lauxlib.o
LOAD obj/default/lua/lbaselib.o
LOAD obj/default/lua/lbitlib.o
LOAD obj/default/lua/lcode.o
LOAD obj/default/lua/lcorolib.o
LOAD obj/default/lua/lctype.o
LOAD obj/default/lua/ldblib.o
LOAD obj/default/lua/ldebug.o
LOAD obj/default/lua/ldo.o
LOAD obj/default/lua/ldump.o
LOAD obj/default/lua/lfunc.o
LOAD obj/default/lua/lgc.o
LOAD obj/default/lua/linit.o
LOAD obj/default/lua/liolib.o
LOAD obj/default/lua/llex.o
LOAD obj/default/lua/lmathlib.o
LOAD obj/default/lua/lmem.o
LOAD obj/default/lua/loadlib.o
LOAD obj/default/lua/lobject.o
LOAD obj/default/lua/lopcodes.o
LOAD obj/default/lua/loslib.o
LOAD obj/default/lua/lparser.o
LOAD obj/default/lua/lstate.o
LOAD obj/default/lua/lstring.o
LOAD obj/default/lua/lstrlib.o
LOAD obj/default/lua/ltable.o
LOAD obj/default/lua/ltablib.o
LOAD obj/default/lua/ltm.o
LOAD obj/default/lua/lundump.o
LOAD obj/default/lua/lvm.o
LOAD obj/default/lua/lzio.o
LOAD obj/default/min.o
LOAD obj/default/mmcfs/fatfs/ff.o
LOAD obj/default/mmcfs/fatfs/mmcbb.o
LOAD obj/default/mmcfs/fatfs/option/cc932.o
LOAD obj/default/mmcfs/gettime.o
LOAD obj/default/mmcfs/mmc_spi.o
LOAD obj/default/mmcfs/mmcfs.o
LOAD c:/develop/altera/11.1/nios2eds/bin/gnu/h-i686-mingw32/bin/../lib/gcc/nios2-elf/4.1.2/../../../../nios2-elf/lib\libstdc++.a
LOAD c:/develop/altera/11.1/nios2eds/bin/gnu/h-i686-mingw32/bin/../lib/gcc/nios2-elf/4.1.2/../../../../nios2-elf/lib\libm.a
LOAD c:/develop/altera/11.1/nios2eds/bin/gnu/h-i686-mingw32/bin/../lib/gcc/nios2-elf/4.1.2\libgcc.a
START GROUP
LOAD c:/develop/altera/11.1/nios2eds/bin/gnu/h-i686-mingw32/bin/../lib/gcc/nios2-elf/4.1.2/../../../../nios2-elf/lib\libc.a
LOAD c:/develop/altera/11.1/nios2eds/bin/gnu/h-i686-mingw32/bin/../lib/gcc/nios2-elf/4.1.2\libgcc.a
LOAD ../Cineraria_DE0_HAL_bsp/\libhal_bsp.a
END GROUP
LOAD c:/develop/altera/11.1/nios2eds/bin/gnu/h-i686-mingw32/bin/../lib/gcc/nios2-elf/4.1.2\libgcc.a
                0x00000000                __alt_mem_sdram = 0x0
                0x04000000                __alt_mem_ext_flash = 0x4000000
                0x0f000000                __alt_mem_epcs_controller = 0xf000000

.entry          0x0f000000        0x0
 *(.entry)
 .entry         0x0f000000        0x0 ../Cineraria_DE0_HAL_bsp//obj/HAL/src/crt0.o
                0x0f000000                __reset

.exceptions     0x00000020      0x164
                0x00000020                PROVIDE (__ram_exceptions_start, ABSOLUTE (.))
                0x00000020                . = ALIGN (0x20)
 *(.irq)
 *(.exceptions.entry.label)
 .exceptions.entry.label
                0x00000020        0x0 ../Cineraria_DE0_HAL_bsp/\libhal_bsp.a(alt_irq_entry.o)
                0x00000020                alt_irq_entry
 .exceptions.entry.label
                0x00000020        0x0 ../Cineraria_DE0_HAL_bsp/\libhal_bsp.a(alt_exception_entry.o)
                0x00000020                alt_exception
 *(.exceptions.entry.user)
 *(.exceptions.entry)
 .exceptions.entry
                0x00000020       0x54 ../Cineraria_DE0_HAL_bsp/\libhal_bsp.a(alt_exception_entry.o)
 *(.exceptions.irqtest.user)
 *(.exceptions.irqtest)
 .exceptions.irqtest
                0x00000074       0x10 ../Cineraria_DE0_HAL_bsp/\libhal_bsp.a(alt_irq_entry.o)
 *(.exceptions.irqhandler.user)
 *(.exceptions.irqhandler)
 .exceptions.irqhandler
                0x00000084        0x4 ../Cineraria_DE0_HAL_bsp/\libhal_bsp.a(alt_irq_entry.o)
 *(.exceptions.irqreturn.user)
 *(.exceptions.irqreturn)
 .exceptions.irqreturn
                0x00000088        0x4 ../Cineraria_DE0_HAL_bsp/\libhal_bsp.a(alt_irq_entry.o)
 *(.exceptions.notirq.label)
 .exceptions.notirq.label
                0x0000008c        0x0 ../Cineraria_DE0_HAL_bsp/\libhal_bsp.a(alt_irq_entry.o)
 *(.exceptions.notirq.user)
 *(.exceptions.notirq)
 .exceptions.notirq
                0x0000008c        0x8 ../Cineraria_DE0_HAL_bsp/\libhal_bsp.a(alt_exception_entry.o)
 *(.exceptions.soft.user)
 *(.exceptions.soft)
 *(.exceptions.unknown.user)
 *(.exceptions.unknown)
 .exceptions.unknown
                0x00000094        0x4 ../Cineraria_DE0_HAL_bsp/\libhal_bsp.a(alt_exception_entry.o)
 *(.exceptions.exit.label)
 .exceptions.exit.label
                0x00000098        0x0 ../Cineraria_DE0_HAL_bsp/\libhal_bsp.a(alt_irq_entry.o)
 .exceptions.exit.label
                0x00000098        0x0 ../Cineraria_DE0_HAL_bsp/\libhal_bsp.a(alt_exception_entry.o)
 *(.exceptions.exit.user)
 *(.exceptions.exit)
 .exceptions.exit
                0x00000098       0x54 ../Cineraria_DE0_HAL_bsp/\libhal_bsp.a(alt_exception_entry.o)
 *(.exceptions)
 .exceptions    0x000000ec       0x98 ../Cineraria_DE0_HAL_bsp/\libhal_bsp.a(alt_irq_handler.o)
                0x000000ec                alt_irq_handler
                0x00000184                PROVIDE (__ram_exceptions_end, ABSOLUTE (.))
                0x00000020                PROVIDE (__flash_exceptions_start, LOADADDR (.exceptions))

.text           0x00000188    0x46200
                0x00000188                PROVIDE (stext, ABSOLUTE (.))
 *(.interp)
 *(.hash)
 *(.dynsym)
 *(.dynstr)
 *(.gnu.version)
 *(.gnu.version_d)
 *(.gnu.version_r)
 *(.rel.init)
 *(.rela.init)
 *(.rel.text .rel.text.* .rel.gnu.linkonce.t.*)
 *(.rela.text .rela.text.* .rela.gnu.linkonce.t.*)
 *(.rel.fini)
 *(.rela.fini)
 *(.rel.rodata .rel.rodata.* .rel.gnu.linkonce.r.*)
 *(.rela.rodata .rela.rodata.* .rela.gnu.linkonce.r.*)
 *(.rel.data .rel.data.* .rel.gnu.linkonce.d.*)
 *(.rela.data .rela.data.* .rela.gnu.linkonce.d.*)
 *(.rel.tdata .rel.tdata.* .rel.gnu.linkonce.td.*)
 *(.rela.tdata .rela.tdata.* .rela.gnu.linkonce.td.*)
 *(.rel.tbss .rel.tbss.* .rel.gnu.linkonce.tb.*)
 *(.rela.tbss .rela.tbss.* .rela.gnu.linkonce.tb.*)
 *(.rel.ctors)
 *(.rela.ctors)
 *(.rel.dtors)
 *(.rela.dtors)
 *(.rel.got)
 *(.rela.got)
 *(.rel.sdata .rel.sdata.* .rel.gnu.linkonce.s.*)
 *(.rela.sdata .rela.sdata.* .rela.gnu.linkonce.s.*)
 *(.rel.sbss .rel.sbss.* .rel.gnu.linkonce.sb.*)
 *(.rela.sbss .rela.sbss.* .rela.gnu.linkonce.sb.*)
 *(.rel.sdata2 .rel.sdata2.* .rel.gnu.linkonce.s2.*)
 *(.rela.sdata2 .rela.sdata2.* .rela.gnu.linkonce.s2.*)
 *(.rel.sbss2 .rel.sbss2.* .rel.gnu.linkonce.sb2.*)
 *(.rela.sbss2 .rela.sbss2.* .rela.gnu.linkonce.sb2.*)
 *(.rel.bss .rel.bss.* .rel.gnu.linkonce.b.*)
 *(.rela.bss .rela.bss.* .rela.gnu.linkonce.b.*)
 *(.rel.plt)
 *(.rela.plt)
 *(.rel.dyn)
 *(.init)
 *(.plt)
 *(.text .stub .text.* .gnu.linkonce.t.*)
 .text          0x00000188       0x48 ../Cineraria_DE0_HAL_bsp//obj/HAL/src/crt0.o
                0x00000188                _start
 .text          0x000001d0     0x2638 obj/default/lua/lapi.o
                0x00000258                lua_xmove
                0x000002c4                lua_atpanic
                0x000002d4                lua_version
                0x000002e8                lua_absindex
                0x00000328                lua_gettop
                0x00000350                lua_settop
                0x000003a4                lua_remove
                0x000003fc                lua_insert
                0x00000470                lua_pushvalue
                0x000004bc                lua_type
                0x000004f4                lua_typename
                0x00000510                lua_iscfunction
                0x00000540                lua_isstring
                0x00000564                lua_isuserdata
                0x00000594                lua_toboolean
                0x000005dc                lua_tocfunction
                0x00000624                lua_touserdata
                0x0000068c                lua_tothread
                0x000006c0                lua_topointer
                0x000007f4                lua_pushnil
                0x00000808                lua_pushnumber
                0x0000082c                lua_pushinteger
                0x00000874                lua_pushunsigned
                0x000008dc                lua_pushboolean
                0x00000900                lua_pushlightuserdata
                0x00000920                lua_pushthread
                0x0000094c                lua_getmetatable
                0x000009d8                lua_getuservalue
                0x00000a44                lua_getctx
                0x00000a70                lua_status
                0x00000a78                lua_getallocf
                0x00000a9c                lua_setallocf
                0x00000b60                lua_getupvalue
                0x00000c20                lua_upvalueid
                0x00000ce0                lua_upvaluejoin
                0x00000d7c                lua_setupvalue
                0x00000e4c                lua_setuservalue
                0x00000f9c                lua_copy
                0x00000fd8                lua_replace
                0x00001020                lua_newuserdata
                0x00001090                lua_len
                0x000010dc                lua_concat
                0x00001170                lua_pushlstring
                0x000011ec                lua_next
                0x0000125c                lua_error
                0x00001268                lua_gc
                0x000013f8                lua_dump
                0x00001450                lua_load
                0x00001548                lua_rawgeti
                0x000015ac                lua_pcallk
                0x00001714                lua_callk
                0x000017c4                lua_setmetatable
                0x000018e4                lua_rawsetp
                0x000019a0                lua_rawset
                0x00001a54                lua_rawseti
                0x00001aec                lua_pushstring
                0x00001b68                lua_setfield
                0x00001c0c                lua_settable
                0x00001c68                lua_setglobal
                0x00001d18                lua_createtable
                0x00001db4                lua_rawgetp
                0x00001e24                lua_rawget
                0x00001e84                lua_getfield
                0x00001f04                lua_gettable
                0x00001f48                lua_getglobal
                0x00001fdc                lua_pushcclosure
                0x000020c8                lua_pushvfstring
                0x0000211c                lua_pushfstring
                0x00002178                lua_rawlen
                0x000021fc                lua_tolstring
                0x000022a4                lua_tounsignedx
                0x0000235c                lua_tointegerx
                0x00002414                lua_tonumberx
                0x00002494                lua_isnumber
                0x000024d0                lua_rawequal
                0x00002564                lua_compare
                0x0000264c                lua_arith
                0x00002734                lua_checkstack
 .text          0x00002808     0x20c4 obj/default/lua/lauxlib.o
                0x00002808                luaL_buffinit
                0x00002840                luaL_newstate
                0x00002920                luaL_getsubtable
                0x000029c4                luaL_requiref
                0x00002ac0                luaL_newmetatable
                0x00002b54                luaL_getmetafield
                0x00002c08                luaL_callmeta
                0x00002c88                luaL_tolstring
                0x00002da4                luaL_pushresult
                0x00002e08                luaL_pushresultsize
                0x00002e18                luaL_loadbufferx
                0x00002e4c                luaL_loadstring
                0x00003020                luaL_loadfilex
                0x000032a8                luaL_unref
                0x00003338                luaL_ref
                0x00003418                luaL_testudata
                0x000034c4                luaL_setmetatable
                0x000034fc                luaL_fileresult
                0x000035b8                luaL_execresult
                0x00003654                luaL_where
                0x000036d8                luaL_error
                0x00003740                luaL_checkversion_
                0x00003860                luaL_len
                0x000038c8                luaL_prepbuffsize
                0x0000399c                luaL_buffinitsize
                0x000039d4                luaL_addlstring
                0x00003a30                luaL_addvalue
                0x00003abc                luaL_addstring
                0x00003afc                luaL_gsub
                0x00003bbc                luaL_checkstack
                0x00003c3c                luaL_setfuncs
                0x00003ec8                luaL_argerror
                0x00003fe4                luaL_checkany
                0x000040ac                luaL_checkudata
                0x0000416c                luaL_checkunsigned
                0x000041c8                luaL_optunsigned
                0x0000422c                luaL_checkinteger
                0x00004288                luaL_optinteger
                0x000042ec                luaL_checknumber
                0x00004350                luaL_optnumber
                0x000043c8                luaL_checklstring
                0x00004438                luaL_optlstring
                0x000044c8                luaL_checkoption
                0x0000459c                luaL_checktype
                0x00004600                luaL_traceback
 .text          0x000048cc     0x129c obj/default/lua/lbaselib.o
                0x000048cc                luaopen_base
 .text          0x00005b68      0x694 obj/default/lua/lbitlib.o
                0x00005b68                luaopen_bit32
 .text          0x000061fc     0x2220 obj/default/lua/lcode.o
                0x00006228                luaK_getlabel
                0x00006468                luaK_patchclose
                0x00006540                luaK_setoneret
                0x0000660c                luaK_fixline
                0x0000662c                luaK_checkstack
                0x00006670                luaK_reserveregs
                0x000066ac                luaK_setreturns
                0x000067f4                luaK_concat
                0x0000687c                luaK_patchtohere
                0x0000696c                luaK_patchlist
                0x00006ad8                luaK_codeABx
                0x00006aec                luaK_codek
                0x00006b70                luaK_jump
                0x00006bd0                luaK_codeABC
                0x00006bf0                luaK_setlist
                0x00006d24                luaK_dischargevars
                0x00006e9c                luaK_ret
                0x00006ec4                luaK_nil
                0x000071a4                luaK_stringK
                0x000071d0                luaK_numberK
                0x000075c8                luaK_exp2nextreg
                0x0000762c                luaK_exp2anyreg
                0x000076b8                luaK_exp2val
                0x000076cc                luaK_exp2RK
                0x00007a74                luaK_posfix
                0x00007ca8                luaK_indexed
                0x00007cfc                luaK_self
                0x00007da4                luaK_storevar
                0x00007e94                luaK_exp2anyregup
                0x00007f18                luaK_prefix
                0x000081ec                luaK_goiffalse
                0x0000827c                luaK_goiftrue
                0x00008328                luaK_infix
 .text          0x0000841c      0x54c obj/default/lua/lcorolib.o
                0x0000841c                luaopen_coroutine
 .text          0x00008968        0x0 obj/default/lua/lctype.o
 .text          0x00008968     0x1168 obj/default/lua/ldblib.o
                0x00008968                luaopen_debug
 .text          0x00009ad0     0x11a4 obj/default/lua/ldebug.o
                0x00009b40                lua_sethook
                0x00009b90                lua_gethook
                0x00009b98                lua_gethookmask
                0x00009ba0                lua_gethookcount
                0x00009ba8                lua_getstack
                0x00009c10                luaG_errormsg
                0x00009cd4                luaG_runerror
                0x00009d90                luaG_ordererror
                0x00009f40                lua_setlocal
                0x00009fa4                lua_getlocal
                0x0000a3cc                luaG_typeerror
                0x0000a520                luaG_aritherror
                0x0000a56c                luaG_concaterror
                0x0000a624                lua_getinfo
 .text          0x0000ac74     0x12dc obj/default/lua/ldo.o
                0x0000ad40                luaD_reallocstack
                0x0000ae98                luaD_shrinkstack
                0x0000af1c                luaD_rawrunprotected
                0x0000af8c                luaD_pcall
                0x0000b048                luaD_protectedparser
                0x0000b144                lua_resume
                0x0000b298                luaD_throw
                0x0000b388                lua_yieldk
                0x0000b420                luaD_growstack
                0x0000b688                luaD_hook
                0x0000b77c                luaD_poscall
                0x0000b96c                luaD_precall
                0x0000be58                luaD_call
 .text          0x0000bf50      0x4b4 obj/default/lua/ldump.o
                0x0000c398                luaU_dump
 .text          0x0000c404      0x4f0 obj/default/lua/lfunc.o
                0x0000c41c                luaF_getlocalname
                0x0000c478                luaF_freeclosure
                0x0000c4ac                luaF_freeproto
                0x0000c58c                luaF_freeupval
                0x0000c5d4                luaF_newproto
                0x0000c648                luaF_findupval
                0x0000c71c                luaF_newupval
                0x0000c750                luaF_newLclosure
                0x0000c7d8                luaF_newCclosure
                0x0000c81c                luaF_close
 .text          0x0000c8f4     0x1ba4 obj/default/lua/lgc.o
                0x0000c964                luaC_barrierback_
                0x0000cad4                luaC_checkupvalcolor
                0x0000cb4c                luaC_barrier_
                0x0000cb98                luaC_barrierproto_
                0x0000d274                luaC_checkfinalizer
                0x0000da0c                luaC_newobj
                0x0000dcd0                luaC_freeallobjects
                0x0000e13c                luaC_runtilstate
                0x0000e1a0                luaC_fullgc
                0x0000e2b0                luaC_forcestep
                0x0000e408                luaC_step
                0x0000e41c                luaC_changemode
 .text          0x0000e498       0xbc obj/default/lua/linit.o
                0x0000e498                luaL_openlibs
 .text          0x0000e554     0x14f4 obj/default/lua/liolib.o
                0x0000f6e0                luaopen_io
 .text          0x0000fa48     0x1968 obj/default/lua/llex.o
                0x0000fa98                luaX_token2str
                0x0000feb4                luaX_syntaxerror
                0x0000ffa4                luaX_setinput
                0x0001004c                luaX_init
                0x000100bc                luaX_newstring
                0x0001131c                luaX_lookahead
                0x00011348                luaX_next
 .text          0x000113b0      0xe0c obj/default/lua/lmathlib.o
                0x000113b0                luaopen_math
 .text          0x000121bc      0x198 obj/default/lua/lmem.o
                0x000121bc                luaM_realloc_
                0x00012290                luaM_toobig
                0x000122a4                luaM_growaux_
 .text          0x00012354      0xed4 obj/default/lua/loadlib.o
                0x00012fdc                luaopen_package
 .text          0x00013228      0xb9c obj/default/lua/lobject.o
                0x00013228                luaO_int2fb
                0x00013274                luaO_fb2int
                0x00013298                luaO_ceillog2
                0x000132e8                luaO_hexavalue
                0x00013468                luaO_chunkid
                0x000136b0                luaO_pushvfstring
                0x00013934                luaO_pushfstring
                0x00013960                luaO_str2d
                0x00013c2c                luaO_arith
 .text          0x00013dc4        0x0 obj/default/lua/lopcodes.o
 .text          0x00013dc4      0x97c obj/default/lua/loslib.o
                0x00013dc4                luaopen_os
 .text          0x00014740     0x31f8 obj/default/lua/lparser.o
                0x000174b8                luaY_parser
 .text          0x00017938      0x61c obj/default/lua/lstate.o
                0x00017938                luaE_setdebt
                0x00017a40                luaE_freeCI
                0x00017aec                luaE_freethread
                0x00017bd0                lua_close
                0x00017bdc                luaE_extendCI
                0x00017c20                lua_newstate
                0x00017eac                lua_newthread
 .text          0x00017f54      0x3dc obj/default/lua/lstring.o
                0x00017f54                luaS_newudata
                0x00017fac                luaS_resize
                0x00018120                luaS_newlstr
                0x000182f0                luaS_new
 .text          0x00018330     0x23c4 obj/default/lua/lstrlib.o
                0x0001a624                luaopen_string
 .text          0x0001a6f4     0x1270 obj/default/lua/ltable.o
                0x0001a9a0                luaH_getint
                0x0001aa7c                luaH_getstr
                0x0001aad8                luaH_getn
                0x0001ac74                luaH_get
                0x0001add8                luaH_next
                0x0001b0c0                luaH_free
                0x0001b240                luaH_new
                0x0001b2a8                luaH_resize
                0x0001b4a8                luaH_newkey
                0x0001b820                luaH_setint
                0x0001b8cc                luaH_set
                0x0001b940                luaH_resizearray
 .text          0x0001b964      0xa44 obj/default/lua/ltablib.o
                0x0001b964                luaopen_table
 .text          0x0001c3a8      0x178 obj/default/lua/ltm.o
                0x0001c3a8                luaT_gettmbyobj
                0x0001c418                luaT_gettm
                0x0001c48c                luaT_init
 .text          0x0001c520      0x858 obj/default/lua/lundump.o
                0x0001c520                luaU_header
                0x0001cc08                luaU_undump
 .text          0x0001cd78     0x2b48 obj/default/lua/lvm.o
                0x0001d0f0                luaV_equalobj_
                0x0001d280                luaV_objlen
                0x0001d460                luaV_lessequal
                0x0001d578                luaV_lessthan
                0x0001d654                luaV_gettable
                0x0001d7b0                luaV_settable
                0x0001d980                luaV_tostring
                0x0001da18                luaV_concat
                0x0001dc84                luaV_finishOp
                0x0001def0                luaV_tonumber
                0x0001df80                luaV_arith
                0x0001e068                luaV_execute
 .text          0x0001f8c0      0x1c0 obj/default/lua/lzio.o
                0x0001f8c0                luaZ_fill
                0x0001f930                luaZ_init
                0x0001f948                luaZ_openspace
                0x0001f9c0                luaZ_read
 .text          0x0001fa80      0x234 obj/default/min.o
                0x0001fa80                print_sysinfo
                0x0001fba8                main
 .text          0x0001fcb4     0x3e90 obj/default/mmcfs/fatfs/ff.o
                0x0001fd20                clust2sect
                0x0001fd4c                gen_numname
                0x0001fee4                f_mount
                0x000208d8                put_fat
                0x00020ab4                get_fat
                0x00020c8c                f_getfree
                0x00020e7c                f_read
                0x000213ec                f_lseek
                0x000216b4                f_write
                0x00021e64                f_readdir
                0x00022710                f_stat
                0x000227c0                f_opendir
                0x00022c94                f_truncate
                0x00022efc                f_rename
                0x00023134                f_utime
                0x00023200                f_chmod
                0x000232d0                f_unlink
                0x00023444                f_mkdir
                0x0002370c                f_sync
                0x00023850                f_close
                0x0002387c                f_open
 .text          0x00023b44      0xa8c obj/default/mmcfs/fatfs/mmcbb.o
                0x00023ecc                disk_status
                0x00023f90                disk_ioctl
                0x0002411c                disk_write
                0x0002429c                disk_read
                0x000243d8                disk_initialize
 .text          0x000245d0       0xe4 obj/default/mmcfs/fatfs/option/cc932.o
                0x000245d0                ff_convert
                0x00024660                ff_wtoupper
 .text          0x000246b4        0x8 obj/default/mmcfs/gettime.o
                0x000246b4                get_fattime
 .text          0x000246bc      0x294 obj/default/mmcfs/mmc_spi.o
                0x000246bc                mmc_spi_CheckTimer
                0x000246cc                mmc_spi_CheckCardDetect
                0x000246e4                mmc_spi_CheckWritePortect
                0x00024718                mmc_spi_Wait100us
                0x00024738                mmc_spi_SetTimer
                0x0002474c                mmc_spi_SetTransClock
                0x0002475c                mmc_spi_SetIdentClock
                0x0002476c                mmc_spi_DmaRecv
                0x0002489c                mmc_spi_Recvbyte
                0x000248d0                mmc_spi_Sendbyte
                0x000248f4                mmc_spi_SetCardDeselect
                0x0002490c                mmc_spi_InitSocket
                0x0002493c                mmc_spi_SetCardSelect
 .text          0x00024950      0x308 obj/default/mmcfs/mmcfs.o
                0x00024950                dev_mmcfs_fstat
                0x00024980                mmcfs_setup
                0x000249ec                dev_mmcfs_lseek
                0x00024a5c                dev_mmcfs_write
                0x00024a8c                dev_mmcfs_read
                0x00024abc                dev_mmcfs_close
                0x00024b30                dev_mmcfs_open
 .text          0x00024c58      0x698 c:/develop/altera/11.1/nios2eds/bin/gnu/h-i686-mingw32/bin/../lib/gcc/nios2-elf/4.1.2/../../../../nios2-elf/lib\libm.a(lib_a-s_atan.o)
                0x00024c58                atan
 .text          0x000252f0      0x214 c:/develop/altera/11.1/nios2eds/bin/gnu/h-i686-mingw32/bin/../lib/gcc/nios2-elf/4.1.2/../../../../nios2-elf/lib\libm.a(lib_a-s_ceil.o)
                0x000252f0                ceil
 .text          0x00025504      0x168 c:/develop/altera/11.1/nios2eds/bin/gnu/h-i686-mingw32/bin/../lib/gcc/nios2-elf/4.1.2/../../../../nios2-elf/lib\libm.a(lib_a-s_cos.o)
                0x00025504                cos
 .text          0x0002566c       0x18 c:/develop/altera/11.1/nios2eds/bin/gnu/h-i686-mingw32/bin/../lib/gcc/nios2-elf/4.1.2/../../../../nios2-elf/lib\libm.a(lib_a-s_fabs.o)
                0x0002566c                fabs
 .text          0x00025684      0x224 c:/develop/altera/11.1/nios2eds/bin/gnu/h-i686-mingw32/bin/../lib/gcc/nios2-elf/4.1.2/../../../../nios2-elf/lib\libm.a(lib_a-s_floor.o)
                0x00025684                floor
 .text          0x000258a8       0xc0 c:/develop/altera/11.1/nios2eds/bin/gnu/h-i686-mingw32/bin/../lib/gcc/nios2-elf/4.1.2/../../../../nios2-elf/lib\libm.a(lib_a-s_frexp.o)
                0x000258a8                frexp
 .text          0x00025968       0xcc c:/develop/altera/11.1/nios2eds/bin/gnu/h-i686-mingw32/bin/../lib/gcc/nios2-elf/4.1.2/../../../../nios2-elf/lib\libm.a(lib_a-s_ldexp.o)
                0x00025968                ldexp
 .text          0x00025a34      0x14c c:/develop/altera/11.1/nios2eds/bin/gnu/h-i686-mingw32/bin/../lib/gcc/nios2-elf/4.1.2/../../../../nios2-elf/lib\libm.a(lib_a-s_modf.o)
                0x00025a34                modf
 .text          0x00025b80      0x1e0 c:/develop/altera/11.1/nios2eds/bin/gnu/h-i686-mingw32/bin/../lib/gcc/nios2-elf/4.1.2/../../../../nios2-elf/lib\libm.a(lib_a-s_scalbn.o)
                0x00025b80                scalbn
 .text          0x00025d60      0x16c c:/develop/altera/11.1/nios2eds/bin/gnu/h-i686-mingw32/bin/../lib/gcc/nios2-elf/4.1.2/../../../../nios2-elf/lib\libm.a(lib_a-s_sin.o)
                0x00025d60                sin
 .text          0x00025ecc       0xe8 c:/develop/altera/11.1/nios2eds/bin/gnu/h-i686-mingw32/bin/../lib/gcc/nios2-elf/4.1.2/../../../../nios2-elf/lib\libm.a(lib_a-s_tan.o)
                0x00025ecc                tan
 .text          0x00025fb4      0x24c c:/develop/altera/11.1/nios2eds/bin/gnu/h-i686-mingw32/bin/../lib/gcc/nios2-elf/4.1.2/../../../../nios2-elf/lib\libm.a(lib_a-s_tanh.o)
                0x00025fb4                tanh
 .text          0x00026200      0x130 c:/develop/altera/11.1/nios2eds/bin/gnu/h-i686-mingw32/bin/../lib/gcc/nios2-elf/4.1.2/../../../../nios2-elf/lib\libm.a(lib_a-w_acos.o)
                0x00026200                acos
 .text          0x00026330      0x130 c:/develop/altera/11.1/nios2eds/bin/gnu/h-i686-mingw32/bin/../lib/gcc/nios2-elf/4.1.2/../../../../nios2-elf/lib\libm.a(lib_a-w_asin.o)
                0x00026330                asin
 .text          0x00026460        0x4 c:/develop/altera/11.1/nios2eds/bin/gnu/h-i686-mingw32/bin/../lib/gcc/nios2-elf/4.1.2/../../../../nios2-elf/lib\libm.a(lib_a-w_atan2.o)
                0x00026460                atan2
 .text          0x00026464      0x148 c:/develop/altera/11.1/nios2eds/bin/gnu/h-i686-mingw32/bin/../lib/gcc/nios2-elf/4.1.2/../../../../nios2-elf/lib\libm.a(lib_a-w_cosh.o)
                0x00026464                cosh
 .text          0x000265ac      0x1ac c:/develop/altera/11.1/nios2eds/bin/gnu/h-i686-mingw32/bin/../lib/gcc/nios2-elf/4.1.2/../../../../nios2-elf/lib\libm.a(lib_a-w_exp.o)
                0x000265ac                exp
 .text          0x00026758      0x158 c:/develop/altera/11.1/nios2eds/bin/gnu/h-i686-mingw32/bin/../lib/gcc/nios2-elf/4.1.2/../../../../nios2-elf/lib\libm.a(lib_a-w_fmod.o)
                0x00026758                fmod
 .text          0x000268b0      0x188 c:/develop/altera/11.1/nios2eds/bin/gnu/h-i686-mingw32/bin/../lib/gcc/nios2-elf/4.1.2/../../../../nios2-elf/lib\libm.a(lib_a-w_log.o)
                0x000268b0                log
 .text          0x00026a38      0x188 c:/develop/altera/11.1/nios2eds/bin/gnu/h-i686-mingw32/bin/../lib/gcc/nios2-elf/4.1.2/../../../../nios2-elf/lib\libm.a(lib_a-w_log10.o)
                0x00026a38                log10
 .text          0x00026bc0      0x488 c:/develop/altera/11.1/nios2eds/bin/gnu/h-i686-mingw32/bin/../lib/gcc/nios2-elf/4.1.2/../../../../nios2-elf/lib\libm.a(lib_a-w_pow.o)
                0x00026bc0                pow
 .text          0x00027048      0x174 c:/develop/altera/11.1/nios2eds/bin/gnu/h-i686-mingw32/bin/../lib/gcc/nios2-elf/4.1.2/../../../../nios2-elf/lib\libm.a(lib_a-w_sinh.o)
                0x00027048                sinh
 .text          0x000271bc      0x130 c:/develop/altera/11.1/nios2eds/bin/gnu/h-i686-mingw32/bin/../lib/gcc/nios2-elf/4.1.2/../../../../nios2-elf/lib\libm.a(lib_a-w_sqrt.o)
                0x000271bc                sqrt
 .text          0x000272ec      0xa58 c:/develop/altera/11.1/nios2eds/bin/gnu/h-i686-mingw32/bin/../lib/gcc/nios2-elf/4.1.2/../../../../nios2-elf/lib\libm.a(lib_a-e_acos.o)
                0x000272ec                __ieee754_acos
 .text          0x00027d44      0x8bc c:/develop/altera/11.1/nios2eds/bin/gnu/h-i686-mingw32/bin/../lib/gcc/nios2-elf/4.1.2/../../../../nios2-elf/lib\libm.a(lib_a-e_asin.o)
                0x00027d44                __ieee754_asin
 .text          0x00028600      0x350 c:/develop/altera/11.1/nios2eds/bin/gnu/h-i686-mingw32/bin/../lib/gcc/nios2-elf/4.1.2/../../../../nios2-elf/lib\libm.a(lib_a-e_atan2.o)
                0x00028600                __ieee754_atan2
 .text          0x00028950      0x2a4 c:/develop/altera/11.1/nios2eds/bin/gnu/h-i686-mingw32/bin/../lib/gcc/nios2-elf/4.1.2/../../../../nios2-elf/lib\libm.a(lib_a-e_cosh.o)
                0x00028950                __ieee754_cosh
 .text          0x00028bf4      0x5d0 c:/develop/altera/11.1/nios2eds/bin/gnu/h-i686-mingw32/bin/../lib/gcc/nios2-elf/4.1.2/../../../../nios2-elf/lib\libm.a(lib_a-e_exp.o)
                0x00028bf4                __ieee754_exp
 .text          0x000291c4      0x38c c:/develop/altera/11.1/nios2eds/bin/gnu/h-i686-mingw32/bin/../lib/gcc/nios2-elf/4.1.2/../../../../nios2-elf/lib\libm.a(lib_a-e_fmod.o)
                0x000291c4                __ieee754_fmod
 .text          0x00029550      0x7f8 c:/develop/altera/11.1/nios2eds/bin/gnu/h-i686-mingw32/bin/../lib/gcc/nios2-elf/4.1.2/../../../../nios2-elf/lib\libm.a(lib_a-e_log.o)
                0x00029550                __ieee754_log
 .text          0x00029d48      0x218 c:/develop/altera/11.1/nios2eds/bin/gnu/h-i686-mingw32/bin/../lib/gcc/nios2-elf/4.1.2/../../../../nios2-elf/lib\libm.a(lib_a-e_log10.o)
                0x00029d48                __ieee754_log10
 .text          0x00029f60     0x1300 c:/develop/altera/11.1/nios2eds/bin/gnu/h-i686-mingw32/bin/../lib/gcc/nios2-elf/4.1.2/../../../../nios2-elf/lib\libm.a(lib_a-e_pow.o)
                0x00029f60                __ieee754_pow
 .text          0x0002b260      0x828 c:/develop/altera/11.1/nios2eds/bin/gnu/h-i686-mingw32/bin/../lib/gcc/nios2-elf/4.1.2/../../../../nios2-elf/lib\libm.a(lib_a-e_rem_pio2.o)
                0x0002b260                __ieee754_rem_pio2
 .text          0x0002ba88      0x2f8 c:/develop/altera/11.1/nios2eds/bin/gnu/h-i686-mingw32/bin/../lib/gcc/nios2-elf/4.1.2/../../../../nios2-elf/lib\libm.a(lib_a-e_sinh.o)
                0x0002ba88                __ieee754_sinh
 .text          0x0002bd80      0x2c8 c:/develop/altera/11.1/nios2eds/bin/gnu/h-i686-mingw32/bin/../lib/gcc/nios2-elf/4.1.2/../../../../nios2-elf/lib\libm.a(lib_a-e_sqrt.o)
                0x0002bd80                __ieee754_sqrt
 .text          0x0002c048      0x52c c:/develop/altera/11.1/nios2eds/bin/gnu/h-i686-mingw32/bin/../lib/gcc/nios2-elf/4.1.2/../../../../nios2-elf/lib\libm.a(lib_a-k_cos.o)
                0x0002c048                __kernel_cos
 .text          0x0002c574      0xe7c c:/develop/altera/11.1/nios2eds/bin/gnu/h-i686-mingw32/bin/../lib/gcc/nios2-elf/4.1.2/../../../../nios2-elf/lib\libm.a(lib_a-k_rem_pio2.o)
                0x0002c574                __kernel_rem_pio2
 .text          0x0002d3f0      0x318 c:/develop/altera/11.1/nios2eds/bin/gnu/h-i686-mingw32/bin/../lib/gcc/nios2-elf/4.1.2/../../../../nios2-elf/lib\libm.a(lib_a-k_sin.o)
                0x0002d3f0                __kernel_sin
 .text          0x0002d708      0x77c c:/develop/altera/11.1/nios2eds/bin/gnu/h-i686-mingw32/bin/../lib/gcc/nios2-elf/4.1.2/../../../../nios2-elf/lib\libm.a(lib_a-k_tan.o)
                0x0002d708                __kernel_tan
 .text          0x0002de84       0x24 c:/develop/altera/11.1/nios2eds/bin/gnu/h-i686-mingw32/bin/../lib/gcc/nios2-elf/4.1.2/../../../../nios2-elf/lib\libm.a(lib_a-s_copysign.o)
                0x0002de84                copysign
 .text          0x0002dea8      0x8f0 c:/develop/altera/11.1/nios2eds/bin/gnu/h-i686-mingw32/bin/../lib/gcc/nios2-elf/4.1.2/../../../../nios2-elf/lib\libm.a(lib_a-s_expm1.o)
                0x0002dea8                expm1
 .text          0x0002e798       0x1c c:/develop/altera/11.1/nios2eds/bin/gnu/h-i686-mingw32/bin/../lib/gcc/nios2-elf/4.1.2/../../../../nios2-elf/lib\libm.a(lib_a-s_finite.o)
                0x0002e798                finite
 .text          0x0002e7b4       0x30 c:/develop/altera/11.1/nios2eds/bin/gnu/h-i686-mingw32/bin/../lib/gcc/nios2-elf/4.1.2/../../../../nios2-elf/lib\libm.a(lib_a-s_isnand.o)
                0x0002e7b4                __isnand
 .text          0x0002e7e4        0x0 c:/develop/altera/11.1/nios2eds/bin/gnu/h-i686-mingw32/bin/../lib/gcc/nios2-elf/4.1.2/../../../../nios2-elf/lib\libm.a(lib_a-s_lib_ver.o)
 .text          0x0002e7e4        0x8 c:/develop/altera/11.1/nios2eds/bin/gnu/h-i686-mingw32/bin/../lib/gcc/nios2-elf/4.1.2/../../../../nios2-elf/lib\libm.a(lib_a-s_matherr.o)
                0x0002e7e4                matherr
 .text          0x0002e7ec       0x10 c:/develop/altera/11.1/nios2eds/bin/gnu/h-i686-mingw32/bin/../lib/gcc/nios2-elf/4.1.2/../../../../nios2-elf/lib\libm.a(lib_a-s_nan.o)
                0x0002e7ec                nan
 .text          0x0002e7fc      0x210 c:/develop/altera/11.1/nios2eds/bin/gnu/h-i686-mingw32/bin/../lib/gcc/nios2-elf/4.1.2/../../../../nios2-elf/lib\libm.a(lib_a-s_rint.o)
                0x0002e7fc                rint
 .text          0x0002ea0c       0xa4 c:/develop/altera/11.1/nios2eds/bin/gnu/h-i686-mingw32/bin/../lib/gcc/nios2-elf/4.1.2\libgcc.a(_fixunsdfsi.o)
                0x0002ea0c                __fixunsdfsi
 .text          0x0002eab0      0x504 c:/develop/altera/11.1/nios2eds/bin/gnu/h-i686-mingw32/bin/../lib/gcc/nios2-elf/4.1.2\libgcc.a(_addsub_df.o)
                0x0002eec0                __subdf3
                0x0002ef40                __adddf3
 .text          0x0002efb4      0x3c4 c:/develop/altera/11.1/nios2eds/bin/gnu/h-i686-mingw32/bin/../lib/gcc/nios2-elf/4.1.2\libgcc.a(_mul_df.o)
                0x0002efb4                __muldf3
 .text          0x0002f378      0x258 c:/develop/altera/11.1/nios2eds/bin/gnu/h-i686-mingw32/bin/../lib/gcc/nios2-elf/4.1.2\libgcc.a(_div_df.o)
                0x0002f378                __divdf3
 .text          0x0002f5d0       0x88 c:/develop/altera/11.1/nios2eds/bin/gnu/h-i686-mingw32/bin/../lib/gcc/nios2-elf/4.1.2\libgcc.a(_eq_df.o)
                0x0002f5d0                __eqdf2
 .text          0x0002f658       0x88 c:/develop/altera/11.1/nios2eds/bin/gnu/h-i686-mingw32/bin/../lib/gcc/nios2-elf/4.1.2\libgcc.a(_ne_df.o)
                0x0002f658                __nedf2
 .text          0x0002f6e0       0x88 c:/develop/altera/11.1/nios2eds/bin/gnu/h-i686-mingw32/bin/../lib/gcc/nios2-elf/4.1.2\libgcc.a(_gt_df.o)
                0x0002f6e0                __gtdf2
 .text          0x0002f768       0x88 c:/develop/altera/11.1/nios2eds/bin/gnu/h-i686-mingw32/bin/../lib/gcc/nios2-elf/4.1.2\libgcc.a(_ge_df.o)
                0x0002f768                __gedf2
 .text          0x0002f7f0       0x88 c:/develop/altera/11.1/nios2eds/bin/gnu/h-i686-mingw32/bin/../lib/gcc/nios2-elf/4.1.2\libgcc.a(_lt_df.o)
                0x0002f7f0                __ltdf2
 .text          0x0002f878       0x88 c:/develop/altera/11.1/nios2eds/bin/gnu/h-i686-mingw32/bin/../lib/gcc/nios2-elf/4.1.2\libgcc.a(_le_df.o)
                0x0002f878                __ledf2
 .text          0x0002f900       0xf8 c:/develop/altera/11.1/nios2eds/bin/gnu/h-i686-mingw32/bin/../lib/gcc/nios2-elf/4.1.2\libgcc.a(_si_to_df.o)
                0x0002f900                __floatsidf
 .text          0x0002f9f8       0xd8 c:/develop/altera/11.1/nios2eds/bin/gnu/h-i686-mingw32/bin/../lib/gcc/nios2-elf/4.1.2\libgcc.a(_df_to_si.o)
                0x0002f9f8                __fixdfsi
 .text          0x0002fad0        0x0 c:/develop/altera/11.1/nios2eds/bin/gnu/h-i686-mingw32/bin/../lib/gcc/nios2-elf/4.1.2\libgcc.a(_thenan_df.o)
 .text          0x0002fad0      0x194 c:/develop/altera/11.1/nios2eds/bin/gnu/h-i686-mingw32/bin/../lib/gcc/nios2-elf/4.1.2\libgcc.a(_usi_to_df.o)
                0x0002fad0                __floatunsidf
 .text          0x0002fc64      0x14c c:/develop/altera/11.1/nios2eds/bin/gnu/h-i686-mingw32/bin/../lib/gcc/nios2-elf/4.1.2\libgcc.a(lib2-divmod.o)
                0x0002fce0                __divsi3
                0x0002fd40                __modsi3
                0x0002fda0                __udivsi3
                0x0002fda8                __umodsi3
 .text          0x0002fdb0       0x98 c:/develop/altera/11.1/nios2eds/bin/gnu/h-i686-mingw32/bin/../lib/gcc/nios2-elf/4.1.2\libgcc.a(_muldi3.o)
                0x0002fdb0                __muldi3
 .text          0x0002fe48       0x80 c:/develop/altera/11.1/nios2eds/bin/gnu/h-i686-mingw32/bin/../lib/gcc/nios2-elf/4.1.2\libgcc.a(_clzsi2.o)
                0x0002fe48                __clzsi2
 .text          0x0002fec8      0x314 c:/develop/altera/11.1/nios2eds/bin/gnu/h-i686-mingw32/bin/../lib/gcc/nios2-elf/4.1.2\libgcc.a(_pack_df.o)
                0x0002fec8                __pack_d
 .text          0x000301dc      0x138 c:/develop/altera/11.1/nios2eds/bin/gnu/h-i686-mingw32/bin/../lib/gcc/nios2-elf/4.1.2\libgcc.a(_unpack_df.o)
                0x000301dc                __unpack_d
 .text          0x00030314       0xc8 c:/develop/altera/11.1/nios2eds/bin/gnu/h-i686-mingw32/bin/../lib/gcc/nios2-elf/4.1.2\libgcc.a(_fpcmp_parts_df.o)
                0x00030314                __fpcmp_parts_d
 .text          0x000303dc        0x0 c:/develop/altera/11.1/nios2eds/bin/gnu/h-i686-mingw32/bin/../lib/gcc/nios2-elf/4.1.2\libgcc.a(_clz.o)
 .text          0x000303dc       0x18 c:/develop/altera/11.1/nios2eds/bin/gnu/h-i686-mingw32/bin/../lib/gcc/nios2-elf/4.1.2/../../../../nios2-elf/lib\libc.a(lib_a-abort.o)
                0x000303dc                abort
 .text          0x000303f4       0x54 c:/develop/altera/11.1/nios2eds/bin/gnu/h-i686-mingw32/bin/../lib/gcc/nios2-elf/4.1.2/../../../../nios2-elf/lib\libc.a(lib_a-clock.o)
                0x000303f4                clock
 .text          0x00030448        0x0 c:/develop/altera/11.1/nios2eds/bin/gnu/h-i686-mingw32/bin/../lib/gcc/nios2-elf/4.1.2/../../../../nios2-elf/lib\libc.a(lib_a-ctype_.o)
 .text          0x00030448       0x1c c:/develop/altera/11.1/nios2eds/bin/gnu/h-i686-mingw32/bin/../lib/gcc/nios2-elf/4.1.2/../../../../nios2-elf/lib\libc.a(lib_a-difftime.o)
                0x00030448                difftime
 .text          0x00030464       0x10 c:/develop/altera/11.1/nios2eds/bin/gnu/h-i686-mingw32/bin/../lib/gcc/nios2-elf/4.1.2/../../../../nios2-elf/lib\libc.a(lib_a-errno.o)
                0x00030464                __errno
 .text          0x00030474       0x38 c:/develop/altera/11.1/nios2eds/bin/gnu/h-i686-mingw32/bin/../lib/gcc/nios2-elf/4.1.2/../../../../nios2-elf/lib\libc.a(lib_a-exit.o)
                0x00030474                exit
 .text          0x000304ac      0x124 c:/develop/altera/11.1/nios2eds/bin/gnu/h-i686-mingw32/bin/../lib/gcc/nios2-elf/4.1.2/../../../../nios2-elf/lib\libc.a(lib_a-fclose.o)
                0x000304ac                _fclose_r
                0x000305bc                fclose
 .text          0x000305d0      0x230 c:/develop/altera/11.1/nios2eds/bin/gnu/h-i686-mingw32/bin/../lib/gcc/nios2-elf/4.1.2/../../../../nios2-elf/lib\libc.a(lib_a-fflush.o)
                0x000305d0                _fflush_r
                0x000307cc                fflush
 .text          0x00030800      0x16c c:/develop/altera/11.1/nios2eds/bin/gnu/h-i686-mingw32/bin/../lib/gcc/nios2-elf/4.1.2/../../../../nios2-elf/lib\libc.a(lib_a-fgets.o)
                0x00030800                _fgets_r
                0x00030948                fgets
 .text          0x0003096c      0x2c0 c:/develop/altera/11.1/nios2eds/bin/gnu/h-i686-mingw32/bin/../lib/gcc/nios2-elf/4.1.2/../../../../nios2-elf/lib\libc.a(lib_a-findfp.o)
                0x000309c4                __sfp_lock_acquire
                0x000309c8                __sfp_lock_release
                0x000309cc                __sinit_lock_acquire
                0x000309d0                __sinit_lock_release
                0x000309d4                __sinit
                0x00030a88                __fp_unlock_all
                0x00030aa0                __fp_lock_all
                0x00030ab8                _cleanup_r
                0x00030ac4                _cleanup
                0x00030ad4                __sfmoreglue
                0x00030b3c                __sfp
 .text          0x00030c2c      0x110 c:/develop/altera/11.1/nios2eds/bin/gnu/h-i686-mingw32/bin/../lib/gcc/nios2-elf/4.1.2/../../../../nios2-elf/lib\libc.a(lib_a-fopen.o)
                0x00030c2c                _fopen_r
                0x00030d20                fopen
 .text          0x00030d3c       0x60 c:/develop/altera/11.1/nios2eds/bin/gnu/h-i686-mingw32/bin/../lib/gcc/nios2-elf/4.1.2/../../../../nios2-elf/lib\libc.a(lib_a-fprintf.o)
                0x00030d3c                fprintf
                0x00030d68                _fprintf_r
 .text          0x00030d9c      0x23c c:/develop/altera/11.1/nios2eds/bin/gnu/h-i686-mingw32/bin/../lib/gcc/nios2-elf/4.1.2/../../../../nios2-elf/lib\libc.a(lib_a-fread.o)
                0x00030d9c                _fread_r
                0x00030f98                fread
 .text          0x00030fd8      0x440 c:/develop/altera/11.1/nios2eds/bin/gnu/h-i686-mingw32/bin/../lib/gcc/nios2-elf/4.1.2/../../../../nios2-elf/lib\libc.a(lib_a-freer.o)
                0x00030fd8                _malloc_trim_r
                0x00031104                _free_r
 .text          0x00031418      0x214 c:/develop/altera/11.1/nios2eds/bin/gnu/h-i686-mingw32/bin/../lib/gcc/nios2-elf/4.1.2/../../../../nios2-elf/lib\libc.a(lib_a-freopen.o)
                0x00031418                _freopen_r
                0x00031608                freopen
 .text          0x0003162c       0x6c c:/develop/altera/11.1/nios2eds/bin/gnu/h-i686-mingw32/bin/../lib/gcc/nios2-elf/4.1.2/../../../../nios2-elf/lib\libc.a(lib_a-fscanf.o)
                0x0003162c                _fscanf_r
                0x00031654                fscanf
 .text          0x00031698      0x460 c:/develop/altera/11.1/nios2eds/bin/gnu/h-i686-mingw32/bin/../lib/gcc/nios2-elf/4.1.2/../../../../nios2-elf/lib\libc.a(lib_a-fseek.o)
                0x00031698                _fseek_r
                0x00031ad4                fseek
 .text          0x00031af8       0x74 c:/develop/altera/11.1/nios2eds/bin/gnu/h-i686-mingw32/bin/../lib/gcc/nios2-elf/4.1.2/../../../../nios2-elf/lib\libc.a(lib_a-fstatr.o)
                0x00031af8                _fstat_r
 .text          0x00031b6c      0x10c c:/develop/altera/11.1/nios2eds/bin/gnu/h-i686-mingw32/bin/../lib/gcc/nios2-elf/4.1.2/../../../../nios2-elf/lib\libc.a(lib_a-ftell.o)
                0x00031b6c                _ftell_r
                0x00031c64                ftell
 .text          0x00031c78      0x180 c:/develop/altera/11.1/nios2eds/bin/gnu/h-i686-mingw32/bin/../lib/gcc/nios2-elf/4.1.2/../../../../nios2-elf/lib\libc.a(lib_a-fwalk.o)
                0x00031c78                _fwalk_reent
                0x00031d40                _fwalk
 .text          0x00031df8       0xdc c:/develop/altera/11.1/nios2eds/bin/gnu/h-i686-mingw32/bin/../lib/gcc/nios2-elf/4.1.2/../../../../nios2-elf/lib\libc.a(lib_a-fwrite.o)
                0x00031df8                _fwrite_r
                0x00031e94                fwrite
 .text          0x00031ed4      0x128 c:/develop/altera/11.1/nios2eds/bin/gnu/h-i686-mingw32/bin/../lib/gcc/nios2-elf/4.1.2/../../../../nios2-elf/lib\libc.a(lib_a-getc.o)
                0x00031ed4                getc
                0x00031f6c                _getc_r
 .text          0x00031ffc       0x48 c:/develop/altera/11.1/nios2eds/bin/gnu/h-i686-mingw32/bin/../lib/gcc/nios2-elf/4.1.2/../../../../nios2-elf/lib\libc.a(lib_a-getenv.o)
                0x00031ffc                getenv
                0x00032028                _findenv
 .text          0x00032044      0x128 c:/develop/altera/11.1/nios2eds/bin/gnu/h-i686-mingw32/bin/../lib/gcc/nios2-elf/4.1.2/../../../../nios2-elf/lib\libc.a(lib_a-getenv_r.o)
                0x00032044                _findenv_r
                0x00032150                _getenv_r
 .text          0x0003216c       0x14 c:/develop/altera/11.1/nios2eds/bin/gnu/h-i686-mingw32/bin/../lib/gcc/nios2-elf/4.1.2/../../../../nios2-elf/lib\libc.a(lib_a-gmtime.o)
                0x0003216c                gmtime
 .text          0x00032180        0x8 c:/develop/altera/11.1/nios2eds/bin/gnu/h-i686-mingw32/bin/../lib/gcc/nios2-elf/4.1.2/../../../../nios2-elf/lib\libc.a(lib_a-gmtime_r.o)
                0x00032180                gmtime_r
 .text          0x00032188        0x0 c:/develop/altera/11.1/nios2eds/bin/gnu/h-i686-mingw32/bin/../lib/gcc/nios2-elf/4.1.2/../../../../nios2-elf/lib\libc.a(lib_a-impure.o)
 .text          0x00032188        0x0 c:/develop/altera/11.1/nios2eds/bin/gnu/h-i686-mingw32/bin/../lib/gcc/nios2-elf/4.1.2/../../../../nios2-elf/lib\libc.a(lib_a-int_errno.o)
 .text          0x00032188       0x14 c:/develop/altera/11.1/nios2eds/bin/gnu/h-i686-mingw32/bin/../lib/gcc/nios2-elf/4.1.2/../../../../nios2-elf/lib\libc.a(lib_a-lcltime.o)
                0x00032188                localtime
 .text          0x0003219c        0x8 c:/develop/altera/11.1/nios2eds/bin/gnu/h-i686-mingw32/bin/../lib/gcc/nios2-elf/4.1.2/../../../../nios2-elf/lib\libc.a(lib_a-lcltime_r.o)
                0x0003219c                localtime_r
 .text          0x000321a4       0xc4 c:/develop/altera/11.1/nios2eds/bin/gnu/h-i686-mingw32/bin/../lib/gcc/nios2-elf/4.1.2/../../../../nios2-elf/lib\libc.a(lib_a-locale.o)
                0x000321a4                __locale_charset
                0x000321ac                _localeconv_r
                0x000321b8                localeconv
                0x000321c8                _setlocale_r
                0x0003224c                setlocale
 .text          0x00032268      0x194 c:/develop/altera/11.1/nios2eds/bin/gnu/h-i686-mingw32/bin/../lib/gcc/nios2-elf/4.1.2/../../../../nios2-elf/lib\libc.a(lib_a-makebuf.o)
                0x00032268                __smakebuf_r
 .text          0x000323fc       0x28 c:/develop/altera/11.1/nios2eds/bin/gnu/h-i686-mingw32/bin/../lib/gcc/nios2-elf/4.1.2/../../../../nios2-elf/lib\libc.a(lib_a-malloc.o)
                0x000323fc                free
                0x00032410                malloc
 .text          0x00032424      0x740 c:/develop/altera/11.1/nios2eds/bin/gnu/h-i686-mingw32/bin/../lib/gcc/nios2-elf/4.1.2/../../../../nios2-elf/lib\libc.a(lib_a-mallocr.o)
                0x00032424                _malloc_r
 .text          0x00032b64       0xe4 c:/develop/altera/11.1/nios2eds/bin/gnu/h-i686-mingw32/bin/../lib/gcc/nios2-elf/4.1.2/../../../../nios2-elf/lib\libc.a(lib_a-memchr.o)
                0x00032b64                memchr
 .text          0x00032c48       0x74 c:/develop/altera/11.1/nios2eds/bin/gnu/h-i686-mingw32/bin/../lib/gcc/nios2-elf/4.1.2/../../../../nios2-elf/lib\libc.a(lib_a-memcmp.o)
                0x00032c48                memcmp
 .text          0x00032cbc       0xa0 c:/develop/altera/11.1/nios2eds/bin/gnu/h-i686-mingw32/bin/../lib/gcc/nios2-elf/4.1.2/../../../../nios2-elf/lib\libc.a(lib_a-memcpy.o)
                0x00032cbc                memcpy
 .text          0x00032d5c       0x98 c:/develop/altera/11.1/nios2eds/bin/gnu/h-i686-mingw32/bin/../lib/gcc/nios2-elf/4.1.2/../../../../nios2-elf/lib\libc.a(lib_a-memset.o)
                0x00032d5c                memset
 .text          0x00032df4      0x624 c:/develop/altera/11.1/nios2eds/bin/gnu/h-i686-mingw32/bin/../lib/gcc/nios2-elf/4.1.2/../../../../nios2-elf/lib\libc.a(lib_a-mktime.o)
                0x000330d8                mktime
 .text          0x00033418      0x71c c:/develop/altera/11.1/nios2eds/bin/gnu/h-i686-mingw32/bin/../lib/gcc/nios2-elf/4.1.2/../../../../nios2-elf/lib\libc.a(lib_a-mktm_r.o)
                0x00033418                __tzcalc_limits
                0x0003364c                _mktm_r
 .text          0x00033b34       0x78 c:/develop/altera/11.1/nios2eds/bin/gnu/h-i686-mingw32/bin/../lib/gcc/nios2-elf/4.1.2/../../../../nios2-elf/lib\libc.a(lib_a-openr.o)
                0x00033b34                _open_r
 .text          0x00033bac       0x78 c:/develop/altera/11.1/nios2eds/bin/gnu/h-i686-mingw32/bin/../lib/gcc/nios2-elf/4.1.2/../../../../nios2-elf/lib\libc.a(lib_a-printf.o)
                0x00033bac                printf
                0x00033bf0                _printf_r
 .text          0x00033c24       0x24 c:/develop/altera/11.1/nios2eds/bin/gnu/h-i686-mingw32/bin/../lib/gcc/nios2-elf/4.1.2/../../../../nios2-elf/lib\libc.a(lib_a-putchar.o)
                0x00033c24                putchar
                0x00033c40                _putchar_r
 .text          0x00033c48       0xb4 c:/develop/altera/11.1/nios2eds/bin/gnu/h-i686-mingw32/bin/../lib/gcc/nios2-elf/4.1.2/../../../../nios2-elf/lib\libc.a(lib_a-puts.o)
                0x00033c48                _puts_r
                0x00033ce8                puts
 .text          0x00033cfc       0x94 c:/develop/altera/11.1/nios2eds/bin/gnu/h-i686-mingw32/bin/../lib/gcc/nios2-elf/4.1.2/../../../../nios2-elf/lib\libc.a(lib_a-rand.o)
                0x00033cfc                srand
                0x00033d18                rand
 .text          0x00033d90       0x1c c:/develop/altera/11.1/nios2eds/bin/gnu/h-i686-mingw32/bin/../lib/gcc/nios2-elf/4.1.2/../../../../nios2-elf/lib\libc.a(lib_a-realloc.o)
                0x00033d90                realloc
 .text          0x00033dac      0x5f4 c:/develop/altera/11.1/nios2eds/bin/gnu/h-i686-mingw32/bin/../lib/gcc/nios2-elf/4.1.2/../../../../nios2-elf/lib\libc.a(lib_a-reallocr.o)
                0x00033dac                _realloc_r
 .text          0x000343a0      0x1e0 c:/develop/altera/11.1/nios2eds/bin/gnu/h-i686-mingw32/bin/../lib/gcc/nios2-elf/4.1.2/../../../../nios2-elf/lib\libc.a(lib_a-refill.o)
                0x000343a0                __srefill_r
 .text          0x00034580       0x60 c:/develop/altera/11.1/nios2eds/bin/gnu/h-i686-mingw32/bin/../lib/gcc/nios2-elf/4.1.2/../../../../nios2-elf/lib\libc.a(lib_a-rget.o)
                0x00034580                __srget_r
                0x000345cc                __srget
 .text          0x000345e0       0x70 c:/develop/altera/11.1/nios2eds/bin/gnu/h-i686-mingw32/bin/../lib/gcc/nios2-elf/4.1.2/../../../../nios2-elf/lib\libc.a(lib_a-sbrkr.o)
                0x000345e0                _sbrk_r
 .text          0x00034650       0x78 c:/develop/altera/11.1/nios2eds/bin/gnu/h-i686-mingw32/bin/../lib/gcc/nios2-elf/4.1.2/../../../../nios2-elf/lib\libc.a(lib_a-setjmp.o)
                0x00034650                setjmp
                0x00034688                longjmp
 .text          0x000346c8      0x1d0 c:/develop/altera/11.1/nios2eds/bin/gnu/h-i686-mingw32/bin/../lib/gcc/nios2-elf/4.1.2/../../../../nios2-elf/lib\libc.a(lib_a-setvbuf.o)
                0x000346c8                setvbuf
 .text          0x00034898      0x2d8 c:/develop/altera/11.1/nios2eds/bin/gnu/h-i686-mingw32/bin/../lib/gcc/nios2-elf/4.1.2/../../../../nios2-elf/lib\libc.a(lib_a-signal.o)
                0x00034898                _raise_r
                0x00034964                raise
                0x00034978                _init_signal_r
                0x000349dc                _init_signal
                0x000349ec                __sigtramp_r
                0x00034aa0                __sigtramp
                0x00034ab4                _signal_r
                0x00034b54                signal
 .text          0x00034b70       0x78 c:/develop/altera/11.1/nios2eds/bin/gnu/h-i686-mingw32/bin/../lib/gcc/nios2-elf/4.1.2/../../../../nios2-elf/lib\libc.a(lib_a-signalr.o)
                0x00034b70                _getpid_r
                0x00034b74                _kill_r
 .text          0x00034be8       0xd4 c:/develop/altera/11.1/nios2eds/bin/gnu/h-i686-mingw32/bin/../lib/gcc/nios2-elf/4.1.2/../../../../nios2-elf/lib\libc.a(lib_a-sprintf.o)
                0x00034be8                sprintf
                0x00034c5c                _sprintf_r
 .text          0x00034cbc      0x14c c:/develop/altera/11.1/nios2eds/bin/gnu/h-i686-mingw32/bin/../lib/gcc/nios2-elf/4.1.2/../../../../nios2-elf/lib\libc.a(lib_a-stdio.o)
                0x00034cbc                __sclose
                0x00034cc4                __sseek
                0x00034d2c                __swrite
                0x00034da8                __sread
 .text          0x00034e08       0xe0 c:/develop/altera/11.1/nios2eds/bin/gnu/h-i686-mingw32/bin/../lib/gcc/nios2-elf/4.1.2/../../../../nios2-elf/lib\libc.a(lib_a-strchr.o)
                0x00034e08                strchr
 .text          0x00034ee8       0xbc c:/develop/altera/11.1/nios2eds/bin/gnu/h-i686-mingw32/bin/../lib/gcc/nios2-elf/4.1.2/../../../../nios2-elf/lib\libc.a(lib_a-strcmp.o)
                0x00034ee8                strcmp
 .text          0x00034fa4        0x4 c:/develop/altera/11.1/nios2eds/bin/gnu/h-i686-mingw32/bin/../lib/gcc/nios2-elf/4.1.2/../../../../nios2-elf/lib\libc.a(lib_a-strcoll.o)
                0x00034fa4                strcoll
 .text          0x00034fa8       0x8c c:/develop/altera/11.1/nios2eds/bin/gnu/h-i686-mingw32/bin/../lib/gcc/nios2-elf/4.1.2/../../../../nios2-elf/lib\libc.a(lib_a-strcpy.o)
                0x00034fa8                strcpy
 .text          0x00035034      0x674 c:/develop/altera/11.1/nios2eds/bin/gnu/h-i686-mingw32/bin/../lib/gcc/nios2-elf/4.1.2/../../../../nios2-elf/lib\libc.a(lib_a-strerror.o)
                0x00035034                strerror
 .text          0x000356a8     0x1048 c:/develop/altera/11.1/nios2eds/bin/gnu/h-i686-mingw32/bin/../lib/gcc/nios2-elf/4.1.2/../../../../nios2-elf/lib\libc.a(lib_a-strftime.o)
                0x00035834                strftime
 .text          0x000366f0       0x74 c:/develop/altera/11.1/nios2eds/bin/gnu/h-i686-mingw32/bin/../lib/gcc/nios2-elf/4.1.2/../../../../nios2-elf/lib\libc.a(lib_a-strlen.o)
                0x000366f0                strlen
 .text          0x00036764       0xf0 c:/develop/altera/11.1/nios2eds/bin/gnu/h-i686-mingw32/bin/../lib/gcc/nios2-elf/4.1.2/../../../../nios2-elf/lib\libc.a(lib_a-strncmp.o)
                0x00036764                strncmp
 .text          0x00036854       0x50 c:/develop/altera/11.1/nios2eds/bin/gnu/h-i686-mingw32/bin/../lib/gcc/nios2-elf/4.1.2/../../../../nios2-elf/lib\libc.a(lib_a-strpbrk.o)
                0x00036854                strpbrk
 .text          0x000368a4       0x58 c:/develop/altera/11.1/nios2eds/bin/gnu/h-i686-mingw32/bin/../lib/gcc/nios2-elf/4.1.2/../../../../nios2-elf/lib\libc.a(lib_a-strspn.o)
                0x000368a4                strspn
 .text          0x000368fc      0x794 c:/develop/altera/11.1/nios2eds/bin/gnu/h-i686-mingw32/bin/../lib/gcc/nios2-elf/4.1.2/../../../../nios2-elf/lib\libc.a(lib_a-strstr.o)
                0x00036a30                strstr
 .text          0x00037090     0x166c c:/develop/altera/11.1/nios2eds/bin/gnu/h-i686-mingw32/bin/../lib/gcc/nios2-elf/4.1.2/../../../../nios2-elf/lib\libc.a(lib_a-strtod.o)
                0x000370d8                _strtod_r
                0x000385bc                strtof
                0x000386e0                strtod
 .text          0x000386fc       0x5c c:/develop/altera/11.1/nios2eds/bin/gnu/h-i686-mingw32/bin/../lib/gcc/nios2-elf/4.1.2/../../../../nios2-elf/lib\libc.a(lib_a-time.o)
                0x000386fc                time
 .text          0x00038758        0x8 c:/develop/altera/11.1/nios2eds/bin/gnu/h-i686-mingw32/bin/../lib/gcc/nios2-elf/4.1.2/../../../../nios2-elf/lib\libc.a(lib_a-timesr.o)
                0x00038758                _times_r
 .text          0x00038760      0x27c c:/develop/altera/11.1/nios2eds/bin/gnu/h-i686-mingw32/bin/../lib/gcc/nios2-elf/4.1.2/../../../../nios2-elf/lib\libc.a(lib_a-tmpnam.o)
                0x00038838                _tempnam_r
                0x00038914                tempnam
                0x00038930                _tmpnam_r
                0x000389c8                tmpnam
 .text          0x000389dc        0x8 c:/develop/altera/11.1/nios2eds/bin/gnu/h-i686-mingw32/bin/../lib/gcc/nios2-elf/4.1.2/../../../../nios2-elf/lib\libc.a(lib_a-tzlock.o)
                0x000389dc                __tz_lock
                0x000389e0                __tz_unlock
 .text          0x000389e4        0x0 c:/develop/altera/11.1/nios2eds/bin/gnu/h-i686-mingw32/bin/../lib/gcc/nios2-elf/4.1.2/../../../../nios2-elf/lib\libc.a(lib_a-tzvars.o)
 .text          0x000389e4        0x8 c:/develop/altera/11.1/nios2eds/bin/gnu/h-i686-mingw32/bin/../lib/gcc/nios2-elf/4.1.2/../../../../nios2-elf/lib\libc.a(lib_a-u_strerr.o)
                0x000389e4                _user_strerror
 .text          0x000389ec      0x294 c:/develop/altera/11.1/nios2eds/bin/gnu/h-i686-mingw32/bin/../lib/gcc/nios2-elf/4.1.2/../../../../nios2-elf/lib\libc.a(lib_a-ungetc.o)
                0x000389ec                __submore
                0x00038ac8                _ungetc_r
                0x00038c64                ungetc
 .text          0x00038c80     0x1f28 c:/develop/altera/11.1/nios2eds/bin/gnu/h-i686-mingw32/bin/../lib/gcc/nios2-elf/4.1.2/../../../../nios2-elf/lib\libc.a(lib_a-vfprintf.o)
                0x00038cd8                ___vfprintf_internal_r
                0x0003ab84                __vfprintf_internal
 .text          0x0003aba8     0x1780 c:/develop/altera/11.1/nios2eds/bin/gnu/h-i686-mingw32/bin/../lib/gcc/nios2-elf/4.1.2/../../../../nios2-elf/lib\libc.a(lib_a-vfscanf.o)
                0x0003aba8                __svfscanf_r
                0x0003c228                __svfscanf
                0x0003c24c                _vfscanf_r
                0x0003c2b4                vfscanf
 .text          0x0003c328       0x78 c:/develop/altera/11.1/nios2eds/bin/gnu/h-i686-mingw32/bin/../lib/gcc/nios2-elf/4.1.2/../../../../nios2-elf/lib\libc.a(lib_a-writer.o)
                0x0003c328                _write_r
 .text          0x0003c3a0      0x13c c:/develop/altera/11.1/nios2eds/bin/gnu/h-i686-mingw32/bin/../lib/gcc/nios2-elf/4.1.2/../../../../nios2-elf/lib\libc.a(lib_a-wsetup.o)
                0x0003c3a0                __swsetup_r
 .text          0x0003c4dc      0x1b4 c:/develop/altera/11.1/nios2eds/bin/gnu/h-i686-mingw32/bin/../lib/gcc/nios2-elf/4.1.2/../../../../nios2-elf/lib\libc.a(lib_a-__call_atexit.o)
                0x0003c4e0                __call_exitprocs
 .text          0x0003c690       0x18 c:/develop/altera/11.1/nios2eds/bin/gnu/h-i686-mingw32/bin/../lib/gcc/nios2-elf/4.1.2/../../../../nios2-elf/lib\libc.a(lib_a-abs.o)
                0x0003c690                abs
 .text          0x0003c6a8       0x70 c:/develop/altera/11.1/nios2eds/bin/gnu/h-i686-mingw32/bin/../lib/gcc/nios2-elf/4.1.2/../../../../nios2-elf/lib\libc.a(lib_a-closer.o)
                0x0003c6a8                _close_r
 .text          0x0003c718       0x84 c:/develop/altera/11.1/nios2eds/bin/gnu/h-i686-mingw32/bin/../lib/gcc/nios2-elf/4.1.2/../../../../nios2-elf/lib\libc.a(lib_a-div.o)
                0x0003c718                div
 .text          0x0003c79c     0x17cc c:/develop/altera/11.1/nios2eds/bin/gnu/h-i686-mingw32/bin/../lib/gcc/nios2-elf/4.1.2/../../../../nios2-elf/lib\libc.a(lib_a-dtoa.o)
                0x0003c9b4                _dtoa_r
 .text          0x0003df68        0x0 c:/develop/altera/11.1/nios2eds/bin/gnu/h-i686-mingw32/bin/../lib/gcc/nios2-elf/4.1.2/../../../../nios2-elf/lib\libc.a(lib_a-environ.o)
 .text          0x0003df68       0xa0 c:/develop/altera/11.1/nios2eds/bin/gnu/h-i686-mingw32/bin/../lib/gcc/nios2-elf/4.1.2/../../../../nios2-elf/lib\libc.a(lib_a-flags.o)
                0x0003df68                __sflags
 .text          0x0003e008      0x49c c:/develop/altera/11.1/nios2eds/bin/gnu/h-i686-mingw32/bin/../lib/gcc/nios2-elf/4.1.2/../../../../nios2-elf/lib\libc.a(lib_a-fvwrite.o)
                0x0003e008                __sfvwrite_r
 .text          0x0003e4a4      0x8f4 c:/develop/altera/11.1/nios2eds/bin/gnu/h-i686-mingw32/bin/../lib/gcc/nios2-elf/4.1.2/../../../../nios2-elf/lib\libc.a(lib_a-gdtoa-gethex.o)
                0x0003e4c8                __hexdig_init
                0x0003e5e0                __gethex
 .text          0x0003ed98      0x294 c:/develop/altera/11.1/nios2eds/bin/gnu/h-i686-mingw32/bin/../lib/gcc/nios2-elf/4.1.2/../../../../nios2-elf/lib\libc.a(lib_a-gdtoa-hexnan.o)
                0x0003ede4                __hexnan
 .text          0x0003f02c       0x74 c:/develop/altera/11.1/nios2eds/bin/gnu/h-i686-mingw32/bin/../lib/gcc/nios2-elf/4.1.2/../../../../nios2-elf/lib\libc.a(lib_a-gettimeofdayr.o)
                0x0003f02c                _gettimeofday_r
 .text          0x0003f0a0        0xc c:/develop/altera/11.1/nios2eds/bin/gnu/h-i686-mingw32/bin/../lib/gcc/nios2-elf/4.1.2/../../../../nios2-elf/lib\libc.a(lib_a-gettzinfo.o)
                0x0003f0a0                __gettzinfo
 .text          0x0003f0ac       0x70 c:/develop/altera/11.1/nios2eds/bin/gnu/h-i686-mingw32/bin/../lib/gcc/nios2-elf/4.1.2/../../../../nios2-elf/lib\libc.a(lib_a-isattyr.o)
                0x0003f0ac                _isatty_r
 .text          0x0003f11c       0x2c c:/develop/altera/11.1/nios2eds/bin/gnu/h-i686-mingw32/bin/../lib/gcc/nios2-elf/4.1.2/../../../../nios2-elf/lib\libc.a(lib_a-iswspace.o)
                0x0003f11c                iswspace
 .text          0x0003f148       0x18 c:/develop/altera/11.1/nios2eds/bin/gnu/h-i686-mingw32/bin/../lib/gcc/nios2-elf/4.1.2/../../../../nios2-elf/lib\libc.a(lib_a-labs.o)
                0x0003f148                labs
 .text          0x0003f160       0x78 c:/develop/altera/11.1/nios2eds/bin/gnu/h-i686-mingw32/bin/../lib/gcc/nios2-elf/4.1.2/../../../../nios2-elf/lib\libc.a(lib_a-lseekr.o)
                0x0003f160                _lseek_r
 .text          0x0003f1d8       0xc0 c:/develop/altera/11.1/nios2eds/bin/gnu/h-i686-mingw32/bin/../lib/gcc/nios2-elf/4.1.2/../../../../nios2-elf/lib\libc.a(lib_a-mbrtowc.o)
                0x0003f1d8                _mbrtowc_r
                0x0003f258                mbrtowc
 .text          0x0003f298       0x40 c:/develop/altera/11.1/nios2eds/bin/gnu/h-i686-mingw32/bin/../lib/gcc/nios2-elf/4.1.2/../../../../nios2-elf/lib\libc.a(lib_a-mbtowc_r.o)
                0x0003f298                _mbtowc_r
 .text          0x0003f2d8       0xe0 c:/develop/altera/11.1/nios2eds/bin/gnu/h-i686-mingw32/bin/../lib/gcc/nios2-elf/4.1.2/../../../../nios2-elf/lib\libc.a(lib_a-memmove.o)
                0x0003f2d8                memmove
 .text          0x0003f3b8      0xff4 c:/develop/altera/11.1/nios2eds/bin/gnu/h-i686-mingw32/bin/../lib/gcc/nios2-elf/4.1.2/../../../../nios2-elf/lib\libc.a(lib_a-mprec.o)
                0x0003f3b8                _Bfree
                0x0003f3e0                __hi0bits
                0x0003f450                __lo0bits
                0x0003f514                __mcmp
                0x0003f574                __ulp
                0x0003f5f4                __b2d
                0x0003f714                __ratio
                0x0003f7c4                _mprec_log10
                0x0003f858                __copybits
                0x0003f8b0                __any_on
                0x0003f938                _Balloc
                0x0003f9f4                __d2b
                0x0003fb70                __mdiff
                0x0003fcfc                __lshift
                0x0003fe48                __multiply
                0x00040030                __i2b
                0x0004006c                __multadd
                0x0004016c                __pow5mult
                0x0004028c                __s2b
 .text          0x000403ac      0x1ec c:/develop/altera/11.1/nios2eds/bin/gnu/h-i686-mingw32/bin/../lib/gcc/nios2-elf/4.1.2/../../../../nios2-elf/lib\libc.a(lib_a-putc.o)
                0x000403ac                putc
                0x000404b0                _putc_r
 .text          0x00040598       0x78 c:/develop/altera/11.1/nios2eds/bin/gnu/h-i686-mingw32/bin/../lib/gcc/nios2-elf/4.1.2/../../../../nios2-elf/lib\libc.a(lib_a-readr.o)
                0x00040598                _read_r
 .text          0x00040610       0x40 c:/develop/altera/11.1/nios2eds/bin/gnu/h-i686-mingw32/bin/../lib/gcc/nios2-elf/4.1.2/../../../../nios2-elf/lib\libc.a(lib_a-s_isinfd.o)
                0x00040610                __isinfd
 .text          0x00040650       0xc0 c:/develop/altera/11.1/nios2eds/bin/gnu/h-i686-mingw32/bin/../lib/gcc/nios2-elf/4.1.2/../../../../nios2-elf/lib\libc.a(lib_a-sccl.o)
                0x00040650                __sccl
 .text          0x00040710        0x8 c:/develop/altera/11.1/nios2eds/bin/gnu/h-i686-mingw32/bin/../lib/gcc/nios2-elf/4.1.2/../../../../nios2-elf/lib\libc.a(lib_a-sf_nan.o)
                0x00040710                nanf
 .text          0x00040718      0x170 c:/develop/altera/11.1/nios2eds/bin/gnu/h-i686-mingw32/bin/../lib/gcc/nios2-elf/4.1.2/../../../../nios2-elf/lib\libc.a(lib_a-snprintf.o)
                0x00040718                snprintf
                0x000407d4                _snprintf_r
 .text          0x00040888      0x268 c:/develop/altera/11.1/nios2eds/bin/gnu/h-i686-mingw32/bin/../lib/gcc/nios2-elf/4.1.2/../../../../nios2-elf/lib\libc.a(lib_a-strtol.o)
                0x00040888                _strtol_r
                0x00040acc                strtol
 .text          0x00040af0      0x318 c:/develop/altera/11.1/nios2eds/bin/gnu/h-i686-mingw32/bin/../lib/gcc/nios2-elf/4.1.2/../../../../nios2-elf/lib\libc.a(lib_a-strtoll_r.o)
                0x00040af0                _strtoll_r
 .text          0x00040e08      0x254 c:/develop/altera/11.1/nios2eds/bin/gnu/h-i686-mingw32/bin/../lib/gcc/nios2-elf/4.1.2/../../../../nios2-elf/lib\libc.a(lib_a-strtoul.o)
                0x00040e08                _strtoul_r
                0x00041038                strtoul
 .text          0x0004105c      0x2f0 c:/develop/altera/11.1/nios2eds/bin/gnu/h-i686-mingw32/bin/../lib/gcc/nios2-elf/4.1.2/../../../../nios2-elf/lib\libc.a(lib_a-strtoull_r.o)
                0x0004105c                _strtoull_r
 .text          0x0004134c      0x14c c:/develop/altera/11.1/nios2eds/bin/gnu/h-i686-mingw32/bin/../lib/gcc/nios2-elf/4.1.2/../../../../nios2-elf/lib\libc.a(lib_a-wbuf.o)
                0x0004134c                __swbuf_r
                0x0004147c                __swbuf
 .text          0x00041498       0xb4 c:/develop/altera/11.1/nios2eds/bin/gnu/h-i686-mingw32/bin/../lib/gcc/nios2-elf/4.1.2/../../../../nios2-elf/lib\libc.a(lib_a-callocr.o)
                0x00041498                _calloc_r
 .text          0x0004154c      0x5dc c:/develop/altera/11.1/nios2eds/bin/gnu/h-i686-mingw32/bin/../lib/gcc/nios2-elf/4.1.2\libgcc.a(_udivdi3.o)
                0x0004154c                __udivdi3
 .text          0x00041b28      0x5b0 c:/develop/altera/11.1/nios2eds/bin/gnu/h-i686-mingw32/bin/../lib/gcc/nios2-elf/4.1.2\libgcc.a(_umoddi3.o)
                0x00041b28                __umoddi3
 .text          0x000420d8       0x78 c:/develop/altera/11.1/nios2eds/bin/gnu/h-i686-mingw32/bin/../lib/gcc/nios2-elf/4.1.2\libgcc.a(_ne_sf.o)
                0x000420d8                __nesf2
 .text          0x00042150       0x78 c:/develop/altera/11.1/nios2eds/bin/gnu/h-i686-mingw32/bin/../lib/gcc/nios2-elf/4.1.2\libgcc.a(_gt_sf.o)
                0x00042150                __gtsf2
 .text          0x000421c8       0x78 c:/develop/altera/11.1/nios2eds/bin/gnu/h-i686-mingw32/bin/../lib/gcc/nios2-elf/4.1.2\libgcc.a(_lt_sf.o)
                0x000421c8                __ltsf2
 .text          0x00042240       0x74 c:/develop/altera/11.1/nios2eds/bin/gnu/h-i686-mingw32/bin/../lib/gcc/nios2-elf/4.1.2\libgcc.a(_df_to_sf.o)
                0x00042240                __truncdfsf2
 .text          0x000422b4       0xc8 c:/develop/altera/11.1/nios2eds/bin/gnu/h-i686-mingw32/bin/../lib/gcc/nios2-elf/4.1.2\libgcc.a(_unpack_sf.o)
                0x000422b4                __unpack_f
 .text          0x0004237c       0xa8 c:/develop/altera/11.1/nios2eds/bin/gnu/h-i686-mingw32/bin/../lib/gcc/nios2-elf/4.1.2\libgcc.a(_fpcmp_parts_sf.o)
                0x0004237c                __fpcmp_parts_f
 .text          0x00042424       0x2c c:/develop/altera/11.1/nios2eds/bin/gnu/h-i686-mingw32/bin/../lib/gcc/nios2-elf/4.1.2\libgcc.a(_make_sf.o)
                0x00042424                __make_fp
 .text          0x00042450      0x160 c:/develop/altera/11.1/nios2eds/bin/gnu/h-i686-mingw32/bin/../lib/gcc/nios2-elf/4.1.2\libgcc.a(_pack_sf.o)
                0x00042450                __pack_f
 .text          0x000425b0       0xf0 ../Cineraria_DE0_HAL_bsp/\libhal_bsp.a(alt_close.o)
                0x000425b0                close
 .text          0x000426a0        0x8 ../Cineraria_DE0_HAL_bsp/\libhal_bsp.a(alt_dev.o)
 .text          0x000426a8        0x8 ../Cineraria_DE0_HAL_bsp/\libhal_bsp.a(alt_env_lock.o)
                0x000426a8                __env_lock
                0x000426ac                __env_unlock
 .text          0x000426b0        0x0 ../Cineraria_DE0_HAL_bsp/\libhal_bsp.a(alt_errno.o)
 .text          0x000426b0       0x14 ../Cineraria_DE0_HAL_bsp/\libhal_bsp.a(alt_exit.o)
                0x000426b0                _exit
 .text          0x000426c4       0x38 ../Cineraria_DE0_HAL_bsp/\libhal_bsp.a(alt_fs_reg.o)
                0x000426c4                alt_fs_reg
 .text          0x000426fc       0x90 ../Cineraria_DE0_HAL_bsp/\libhal_bsp.a(alt_fstat.o)
                0x000426fc                fstat
 .text          0x0004278c        0x8 ../Cineraria_DE0_HAL_bsp/\libhal_bsp.a(alt_getpid.o)
                0x0004278c                getpid
 .text          0x00042794      0x184 ../Cineraria_DE0_HAL_bsp/\libhal_bsp.a(alt_gettod.o)
                0x00042794                gettimeofday
 .text          0x00042918       0x84 ../Cineraria_DE0_HAL_bsp/\libhal_bsp.a(alt_isatty.o)
                0x00042918                isatty
 .text          0x0004299c      0x11c ../Cineraria_DE0_HAL_bsp/\libhal_bsp.a(alt_kill.o)
                0x0004299c                kill
 .text          0x00042ab8       0x9c ../Cineraria_DE0_HAL_bsp/\libhal_bsp.a(alt_lseek.o)
                0x00042ab8                lseek
 .text          0x00042b54       0x60 ../Cineraria_DE0_HAL_bsp/\libhal_bsp.a(alt_main.o)
                0x00042b54                alt_main
 .text          0x00042bb4        0x8 ../Cineraria_DE0_HAL_bsp/\libhal_bsp.a(alt_malloc_lock.o)
                0x00042bb4                __malloc_lock
                0x00042bb8                __malloc_unlock
 .text          0x00042bbc      0x180 ../Cineraria_DE0_HAL_bsp/\libhal_bsp.a(alt_open.o)
                0x00042bbc                open
 .text          0x00042d3c      0x11c ../Cineraria_DE0_HAL_bsp/\libhal_bsp.a(alt_read.o)
                0x00042d3c                read
 .text          0x00042e58       0x24 ../Cineraria_DE0_HAL_bsp/\libhal_bsp.a(alt_release_fd.o)
                0x00042e58                alt_release_fd
 .text          0x00042e7c       0x54 ../Cineraria_DE0_HAL_bsp/\libhal_bsp.a(alt_sbrk.o)
                0x00042e7c                sbrk
 .text          0x00042ed0       0xf4 ../Cineraria_DE0_HAL_bsp/\libhal_bsp.a(alt_tick.o)
                0x00042ed0                alt_alarm_stop
                0x00042f04                alt_tick
 .text          0x00042fc4       0x80 ../Cineraria_DE0_HAL_bsp/\libhal_bsp.a(alt_times.o)
                0x00042fc4                times
 .text          0x00043044      0x118 ../Cineraria_DE0_HAL_bsp/\libhal_bsp.a(alt_write.o)
                0x00043044                write
 .text          0x0004315c       0xc0 ../Cineraria_DE0_HAL_bsp/\libhal_bsp.a(alt_sys_init.o)
                0x0004315c                alt_irq_init
                0x0004317c                alt_sys_init
 .text          0x0004321c      0x4bc ../Cineraria_DE0_HAL_bsp/\libhal_bsp.a(altera_avalon_cfi_flash.o)
                0x0004321c                alt_flash_cfi_get_info
                0x00043254                alt_flash_program_block
                0x0004341c                alt_write_value_to_flash
                0x000434b4                alt_flash_cfi_read
                0x000434e0                alt_flash_cfi_write
                0x00043670                alt_flash_cfi_init
 .text          0x000436d8      0xa7c ../Cineraria_DE0_HAL_bsp/\libhal_bsp.a(altera_avalon_cfi_flash_table.o)
                0x000436d8                alt_set_flash_width_func
                0x00043808                alt_set_flash_algorithm_func
                0x000438d8                alt_check_primary_table
                0x00043974                alt_read_cfi_table
                0x00043c34                alt_read_query_entry_8bit
                0x00043c48                alt_read_query_entry_16bit
                0x00043c60                alt_read_query_entry_32bit
                0x00043c7c                alt_write_native_32bit
                0x00043c84                alt_write_flash_command_32bit_device_32bit_mode
                0x00043c9c                alt_write_native_16bit
                0x00043ca8                alt_write_flash_command_32bit_device_16bit_mode
                0x00043cc0                alt_write_flash_command_16bit_device_16bit_mode
                0x00043cd4                alt_write_native_8bit
                0x00043ce0                alt_write_flash_command_32bit_device_8bit_mode
                0x00043cf8                alt_write_flash_command_16bit_device_8bit_mode
                0x00043d20                alt_write_flash_command_8bit_device_8bit_mode
                0x00043d30                alt_read_cfi_width
 .text          0x00044154      0x52c ../Cineraria_DE0_HAL_bsp/\libhal_bsp.a(altera_avalon_epcs_flash_controller.o)
                0x00044154                alt_epcs_flash_get_info
                0x0004418c                alt_epcs_flash_read
                0x00044204                alt_epcs_flash_write_block
                0x000442d4                alt_epcs_flash_write
                0x000444a4                alt_epcs_flash_init
                0x00044610                alt_epcs_flash_erase_block
 .text          0x00044680       0x3c ../Cineraria_DE0_HAL_bsp/\libhal_bsp.a(altera_avalon_jtag_uart_fd.o)
                0x00044680                altera_avalon_jtag_uart_ioctl_fd
                0x0004468c                altera_avalon_jtag_uart_close_fd
                0x0004469c                altera_avalon_jtag_uart_write_fd
                0x000446ac                altera_avalon_jtag_uart_read_fd
 .text          0x000446bc      0x214 ../Cineraria_DE0_HAL_bsp/\libhal_bsp.a(altera_avalon_jtag_uart_init.o)
                0x000446bc                altera_avalon_jtag_uart_close
                0x00044748                altera_avalon_jtag_uart_init
 .text          0x000448d0       0x88 ../Cineraria_DE0_HAL_bsp/\libhal_bsp.a(altera_avalon_jtag_uart_ioctl.o)
                0x000448d0                altera_avalon_jtag_uart_ioctl
 .text          0x00044958      0x16c ../Cineraria_DE0_HAL_bsp/\libhal_bsp.a(altera_avalon_jtag_uart_read.o)
                0x00044958                altera_avalon_jtag_uart_read
 .text          0x00044ac4      0x17c ../Cineraria_DE0_HAL_bsp/\libhal_bsp.a(altera_avalon_jtag_uart_write.o)
                0x00044ac4                altera_avalon_jtag_uart_write
 .text          0x00044c40       0x8c ../Cineraria_DE0_HAL_bsp/\libhal_bsp.a(altera_avalon_timer_sc.o)
                0x00044c40                alt_avalon_timer_sc_init
 .text          0x00044ccc       0x30 ../Cineraria_DE0_HAL_bsp/\libhal_bsp.a(altera_avalon_uart_fd.o)
                0x00044ccc                altera_avalon_uart_close_fd
                0x00044cdc                altera_avalon_uart_write_fd
                0x00044cec                altera_avalon_uart_read_fd
 .text          0x00044cfc      0x1ac ../Cineraria_DE0_HAL_bsp/\libhal_bsp.a(altera_avalon_uart_init.o)
                0x00044cfc                altera_avalon_uart_close
                0x00044e68                altera_avalon_uart_init
 .text          0x00044ea8      0x140 ../Cineraria_DE0_HAL_bsp/\libhal_bsp.a(altera_avalon_uart_read.o)
                0x00044ea8                altera_avalon_uart_read
 .text          0x00044fe8      0x138 ../Cineraria_DE0_HAL_bsp/\libhal_bsp.a(altera_avalon_uart_write.o)
                0x00044fe8                altera_avalon_uart_write
 .text          0x00045120      0x320 ../Cineraria_DE0_HAL_bsp/\libhal_bsp.a(epcs_commands.o)
                0x00045120                epcs_read_device_id
                0x00045170                epcs_read_electronic_signature
                0x000451c4                epcs_write_enable
                0x000451fc                epcs_read_status_register
                0x00045244                epcs_sector_erase
                0x000452b0                epcs_write_buffer
                0x00045360                epcs_read_buffer
                0x000453e8                epcs_write_status_register
 .text          0x00045440       0x94 ../Cineraria_DE0_HAL_bsp/\libhal_bsp.a(alt_alarm_start.o)
                0x00045440                alt_alarm_start
 .text          0x000454d4       0x28 ../Cineraria_DE0_HAL_bsp/\libhal_bsp.a(alt_dcache_flush.o)
                0x000454d4                alt_dcache_flush
 .text          0x000454fc       0x7c ../Cineraria_DE0_HAL_bsp/\libhal_bsp.a(alt_dev_llist_insert.o)
                0x000454fc                alt_dev_llist_insert
 .text          0x00045578       0x4c ../Cineraria_DE0_HAL_bsp/\libhal_bsp.a(alt_do_ctors.o)
                0x00045578                _do_ctors
 .text          0x000455c4       0x4c ../Cineraria_DE0_HAL_bsp/\libhal_bsp.a(alt_do_dtors.o)
                0x000455c4                _do_dtors
 .text          0x00045610       0x94 ../Cineraria_DE0_HAL_bsp/\libhal_bsp.a(alt_find_dev.o)
                0x00045610                alt_find_dev
 .text          0x000456a4       0xb0 ../Cineraria_DE0_HAL_bsp/\libhal_bsp.a(alt_find_file.o)
                0x000456a4                alt_find_file
 .text          0x00045754       0x60 ../Cineraria_DE0_HAL_bsp/\libhal_bsp.a(alt_flash_dev.o)
                0x00045754                alt_flash_close_dev
                0x00045768                alt_flash_open_dev
 .text          0x000457b4       0x60 ../Cineraria_DE0_HAL_bsp/\libhal_bsp.a(alt_get_fd.o)
                0x000457b4                alt_get_fd
 .text          0x00045814       0x9c ../Cineraria_DE0_HAL_bsp/\libhal_bsp.a(alt_iic.o)
                0x00045814                alt_ic_irq_enabled
                0x0004582c                alt_ic_irq_enable
                0x0004586c                alt_ic_irq_disable
                0x000458ac                alt_ic_isr_register
 .text          0x000458b0       0x88 ../Cineraria_DE0_HAL_bsp/\libhal_bsp.a(alt_iic_isr_register.o)
                0x000458b0                alt_iic_isr_register
 .text          0x00045938       0xfc ../Cineraria_DE0_HAL_bsp/\libhal_bsp.a(alt_io_redirect.o)
                0x000459a8                alt_io_redirect
 .text          0x00045a34        0x0 ../Cineraria_DE0_HAL_bsp/\libhal_bsp.a(alt_irq_entry.o)
 .text          0x00045a34        0x0 ../Cineraria_DE0_HAL_bsp/\libhal_bsp.a(alt_irq_handler.o)
 .text          0x00045a34        0x0 ../Cineraria_DE0_HAL_bsp/\libhal_bsp.a(alt_irq_vars.o)
 .text          0x00045a34        0x8 ../Cineraria_DE0_HAL_bsp/\libhal_bsp.a(altera_nios2_irq.o)
                0x00045a34                altera_nios2_irq_init
 .text          0x00045a3c      0x2e4 ../Cineraria_DE0_HAL_bsp/\libhal_bsp.a(altera_avalon_cfi_flash_amd.o)
                0x00045a3c                alt_erase_block_amd
                0x00045bb8                alt_program_amd
 .text          0x00045d20      0x320 ../Cineraria_DE0_HAL_bsp/\libhal_bsp.a(altera_avalon_cfi_flash_intel.o)
                0x00045e18                alt_erase_block_intel
                0x00045f1c                alt_program_intel
 .text          0x00046040      0x124 ../Cineraria_DE0_HAL_bsp/\libhal_bsp.a(altera_avalon_spi.o)
                0x00046040                alt_avalon_spi_command
 .text          0x00046164        0x0 ../Cineraria_DE0_HAL_bsp/\libhal_bsp.a(alt_exception_entry.o)
 .text          0x00046164        0x4 ../Cineraria_DE0_HAL_bsp/\libhal_bsp.a(alt_usleep.o)
                0x00046164                usleep
 .text          0x00046168       0x68 ../Cineraria_DE0_HAL_bsp/\libhal_bsp.a(alt_busy_sleep.o)
                0x00046168                alt_busy_sleep
 .text          0x000461d0       0x14 c:/develop/altera/11.1/nios2eds/bin/gnu/h-i686-mingw32/bin/../lib/gcc/nios2-elf/4.1.2/../../../../nios2-elf/lib\libc.a(lib_a-atexit.o)
                0x000461d0                atexit
 .text          0x000461e4      0x134 c:/develop/altera/11.1/nios2eds/bin/gnu/h-i686-mingw32/bin/../lib/gcc/nios2-elf/4.1.2/../../../../nios2-elf/lib\libc.a(lib_a-__atexit.o)
                0x000461e4                __register_exitproc
 *(.gnu.warning.*)
 *(.fini)
                0x00046318                PROVIDE (__etext, ABSOLUTE (.))
                0x00046318                PROVIDE (_etext, ABSOLUTE (.))
                0x00046318                PROVIDE (etext, ABSOLUTE (.))
 *(.eh_frame_hdr)
                0x00046318                . = ALIGN (0x4)
                0x00046318                PROVIDE (__preinit_array_start, ABSOLUTE (.))
 *(.preinit_array)
                0x00046318                PROVIDE (__preinit_array_end, ABSOLUTE (.))
                0x00046318                PROVIDE (__init_array_start, ABSOLUTE (.))
 *(.init_array)
                0x00046318                PROVIDE (__init_array_end, ABSOLUTE (.))
                0x00046318                PROVIDE (__fini_array_start, ABSOLUTE (.))
 *(.fini_array)
                0x00046318                PROVIDE (__fini_array_end, ABSOLUTE (.))
 *(.eh_frame)
 .eh_frame      0x00046318       0x40 c:/develop/altera/11.1/nios2eds/bin/gnu/h-i686-mingw32/bin/../lib/gcc/nios2-elf/4.1.2\libgcc.a(_udivdi3.o)
 .eh_frame      0x00046358       0x2c c:/develop/altera/11.1/nios2eds/bin/gnu/h-i686-mingw32/bin/../lib/gcc/nios2-elf/4.1.2\libgcc.a(_umoddi3.o)
                                 0x40 (size before relaxing)
 *(.gcc_except_table)
 *(.dynamic)
                0x00046384                PROVIDE (__CTOR_LIST__, ABSOLUTE (.))
 *(.ctors)
 *(SORT(.ctors.*))
 .ctors.65535   0x00046384        0x4 c:/develop/altera/11.1/nios2eds/bin/gnu/h-i686-mingw32/bin/../lib/gcc/nios2-elf/4.1.2/../../../../nios2-elf/lib\libc.a(lib_a-__call_atexit.o)
                0x00046388                PROVIDE (__CTOR_END__, ABSOLUTE (.))
                0x00046388                PROVIDE (__DTOR_LIST__, ABSOLUTE (.))
 *(.dtors)
 *(SORT(.dtors.*))
                0x00046388                PROVIDE (__DTOR_END__, ABSOLUTE (.))
 *(.jcr)
                0x00046388                . = ALIGN (0x4)

.rodata         0x00046388    0x129dc
                0x00046388                PROVIDE (__ram_rodata_start, ABSOLUTE (.))
                0x00046388                . = ALIGN (0x4)
 *(.rodata .rodata.* .gnu.linkonce.r.*)
 .rodata.str1.4
                0x00046388        0x2 obj/default/lua/lapi.o
                                  0x8 (size before relaxing)
 *fill*         0x0004638a        0x2 00
 .rodata        0x0004638c       0x84 obj/default/lua/lapi.o
                0x0004638c                lua_ident
 .rodata.str1.4
                0x00046410      0x2d1 obj/default/lua/lauxlib.o
                                0x2f8 (size before relaxing)
 *fill*         0x000466e1        0x3 00
 .rodata.str1.4
                0x000466e4      0x298 obj/default/lua/lbaselib.o
                                0x2c8 (size before relaxing)
 .rodata        0x0004697c      0x114 obj/default/lua/lbaselib.o
 .rodata.str1.4
                0x00046a90       0xb3 obj/default/lua/lbitlib.o
                                 0xb4 (size before relaxing)
 *fill*         0x00046b43        0x1 00
 .rodata        0x00046b44       0x68 obj/default/lua/lbitlib.o
 .rodata.str1.4
                0x00046bac       0x6a obj/default/lua/lcode.o
                                 0x6c (size before relaxing)
 *fill*         0x00046c16        0x2 00
 .rodata.str1.4
                0x00046c18       0xb2 obj/default/lua/lcorolib.o
                                 0xbc (size before relaxing)
 *fill*         0x00046cca        0x2 00
 .rodata        0x00046ccc       0x38 obj/default/lua/lcorolib.o
 .rodata        0x00046d04      0x101 obj/default/lua/lctype.o
                0x00046d04                luai_ctype_
 *fill*         0x00046e05        0x3 00
 .rodata.str1.4
                0x00046e08      0x226 obj/default/lua/ldblib.o
                                0x288 (size before relaxing)
 *fill*         0x0004702e        0x2 00
 .rodata        0x00047030       0x9c obj/default/lua/ldblib.o
 .rodata.str1.4
                0x000470cc      0x13b obj/default/lua/ldebug.o
                                0x14c (size before relaxing)
 *fill*         0x00047207        0x1 00
 .rodata.str1.4
                0x00047208       0xee obj/default/lua/ldo.o
                                0x128 (size before relaxing)
 *fill*         0x000472f6        0x2 00
 .rodata.str1.4
                0x000472f8       0x1e obj/default/lua/lgc.o
                                 0x20 (size before relaxing)
 *fill*         0x00047316        0x2 00
 .rodata.str1.4
                0x00047318       0x31 obj/default/lua/linit.o
                                 0x54 (size before relaxing)
 *fill*         0x00047349        0x3 00
 .rodata        0x0004734c       0x58 obj/default/lua/linit.o
 .rodata.str1.4
                0x000473a4      0x1fc obj/default/lua/liolib.o
                                0x264 (size before relaxing)
 .rodata        0x000475a0       0xe8 obj/default/lua/liolib.o
 .rodata.str1.4
                0x00047688      0x1d1 obj/default/lua/llex.o
                                0x220 (size before relaxing)
 *fill*         0x00047859        0x3 00
 .rodata        0x0004785c       0x84 obj/default/lua/llex.o
 .rodata.str1.4
                0x000478e0       0xec obj/default/lua/lmathlib.o
 .rodata        0x000479cc       0xe0 obj/default/lua/lmathlib.o
 .rodata.str1.4
                0x00047aac       0x42 obj/default/lua/lmem.o
                                 0x44 (size before relaxing)
 *fill*         0x00047aee        0x2 00
 .rodata.str1.4
                0x00047af0      0x2e4 obj/default/lua/loadlib.o
                                0x30c (size before relaxing)
 .rodata        0x00047dd4       0x3c obj/default/lua/loadlib.o
 .rodata.str1.4
                0x00047e10       0x3f obj/default/lua/lobject.o
                                 0x44 (size before relaxing)
 *fill*         0x00047e4f        0x1 00
 .rodata        0x00047e50      0x10c obj/default/lua/lobject.o
                0x00047e50                luaO_nilobject_
 .rodata.str1.4
                0x00047f5c      0x131 obj/default/lua/lopcodes.o
                                0x13c (size before relaxing)
 *fill*         0x0004808d        0x3 00
 .rodata        0x00048090       0xcc obj/default/lua/lopcodes.o
                0x00048090                luaP_opnames
                0x00048134                luaP_opmodes
 .rodata.str1.4
                0x0004815c      0x138 obj/default/lua/loslib.o
                                0x158 (size before relaxing)
 .rodata        0x00048294       0x94 obj/default/lua/loslib.o
 .rodata.str1.4
                0x00048328      0x266 obj/default/lua/lparser.o
                                0x284 (size before relaxing)
 .rodata        0x0004858e       0x1e obj/default/lua/lparser.o
 .rodata.str1.4
                0x000485ac       0x12 obj/default/lua/lstate.o
                                 0x14 (size before relaxing)
 *fill*         0x000485be        0x2 00
 .rodata.str1.4
                0x000485c0      0x32a obj/default/lua/lstrlib.o
                                0x344 (size before relaxing)
 *fill*         0x000488ea        0x2 00
 .rodata        0x000488ec       0x78 obj/default/lua/lstrlib.o
 .rodata.str1.4
                0x00048964       0x4f obj/default/lua/ltable.o
                                 0x50 (size before relaxing)
 *fill*         0x000489b3        0x1 00
 .rodata        0x000489b4       0x1c obj/default/lua/ltable.o
 .rodata.str1.4